../Core/Inc/stepper.h:22:6:Stepper_Config	24	static
../Core/Inc/stepper.h:33:9:Stepper_Set_Interval	16	static
../Core/Inc/stepper.h:44:9:Stepper_Rotate	16	static
../Core/Inc/stepper.h:68:6:Stepper_Stop	8	static
../Core/Inc/stepper.h:75:6:Stepper_Step_Cplt	8	static
../Core/Inc/stepper.h:87:9:Stepper_Cplt	4	static
../Core/Src/main.c:95:5:main	16	static
../Core/Src/main.c:144:6:SystemClock_Config	88	static
../Core/Src/main.c:194:13:MX_ETH_Init	8	static
../Core/Src/main.c:243:13:MX_TIM1_Init	96	static
../Core/Src/main.c:318:13:MX_USART3_UART_Init	8	static
../Core/Src/main.c:351:13:MX_USB_OTG_FS_PCD_Init	8	static
../Core/Src/main.c:386:13:MX_GPIO_Init	64	static
../Core/Src/main.c:474:6:HAL_TIM_PeriodElapsedCallback	16	static
../Core/Src/main.c:483:6:HAL_GPIO_EXTI_Callback	16	static
../Core/Src/main.c:495:13:Stepper_Rotate_Cplt_CB	4	static
../Core/Src/main.c:504:6:Error_Handler	4	static,ignoring_inline_asm
