../Core/Inc/bluetooth.h:16:6:BT_Config	16	static
../Core/Inc/bluetooth.h:24:9:BT_Start_Receive	16	static
../Core/Inc/bluetooth.h:36:6:BT_Transmit	16	static
../Core/Inc/bluetooth.h:43:6:BT_Tx_Cplt	4	static
../Core/Inc/bluetooth.h:48:16:BT_Rx_Cplt	8	static
../Core/Inc/stepper.h:20:6:Stepper_Config	24	static
../Core/Inc/stepper.h:31:9:Stepper_Set_Interval	16	static
../Core/Inc/stepper.h:42:9:Stepper_Rotate	16	static
../Core/Inc/stepper.h:63:6:Stepper_Stop	8	static
../Core/Inc/stepper.h:70:6:Stepper_Step_Cplt	8	static
../Core/Inc/stepper.h:82:9:Stepper_Cplt	4	static
../Core/Src/main.c:99:6:Button_Press	8	static
../Core/Src/main.c:107:6:Rotate_toShelf	16	static
../Core/Src/main.c:114:6:Process_Message	56	static
../Core/Src/main.c:151:5:main	16	static
../Core/Src/main.c:217:6:SystemClock_Config	88	static
../Core/Src/main.c:263:13:MX_ETH_Init	8	static
../Core/Src/main.c:312:13:MX_TIM1_Init	96	static
../Core/Src/main.c:387:13:MX_USART2_UART_Init	8	static
../Core/Src/main.c:420:13:MX_USART3_UART_Init	8	static
../Core/Src/main.c:453:13:MX_USB_OTG_FS_PCD_Init	8	static
../Core/Src/main.c:486:13:MX_DMA_Init	16	static
../Core/Src/main.c:507:13:MX_GPIO_Init	64	static
../Core/Src/main.c:575:6:HAL_TIM_PeriodElapsedCallback	16	static
../Core/Src/main.c:583:6:Stepper_Rotate_Cplt_CB	16	static
../Core/Src/main.c:593:6:HAL_GPIO_EXTI_Callback	16	static
../Core/Src/main.c:602:6:HAL_UART_TxCpltCallback	16	static
../Core/Src/main.c:611:6:HAL_UART_RxCpltCallback	24	static
../Core/Src/main.c:629:6:Error_Handler	4	static,ignoring_inline_asm
