../Core/Inc/encoder.h:17:6:Encoder_Start	16	static
../Core/Inc/encoder.h:25:9:Encoder_getCnt	16	static
../Core/Inc/encoder.h:30:8:Encoder_getElapse	16	static
../Core/Inc/encoder.h:35:6:Encoder_retZero	16	static
../Core/Inc/encoder.h:41:6:Encoder_elapseIT	16	static
../Core/Src/main.c:82:5:main	8	static
../Core/Src/main.c:132:6:SystemClock_Config	88	static
../Core/Src/main.c:178:13:MX_ETH_Init	8	static
../Core/Src/main.c:227:13:MX_TIM4_Init	56	static
../Core/Src/main.c:276:13:MX_USART3_UART_Init	8	static
../Core/Src/main.c:309:13:MX_USB_OTG_FS_PCD_Init	8	static
../Core/Src/main.c:344:13:MX_GPIO_Init	56	static
../Core/Src/main.c:399:6:HAL_TIM_PeriodElapsedCallback	16	static
../Core/Src/main.c:406:6:HAL_GPIO_EXTI_Callback	16	static
../Core/Src/main.c:420:6:Error_Handler	4	static,ignoring_inline_asm
