../Core/Inc/bluetooth.h:16:6:BT_Config	16	static
../Core/Inc/bluetooth.h:22:6:BT_Start_Receive	8	static
../Core/Inc/bluetooth.h:27:6:BT_Transmit	16	static
../Core/Inc/bluetooth.h:34:6:BT_Tx_Cplt	4	static
../Core/Inc/bluetooth.h:39:16:BT_Rx_Cplt	8	static
../Core/Src/main.c:85:5:main	16	static
../Core/Src/main.c:138:6:SystemClock_Config	88	static
../Core/Src/main.c:184:13:MX_ETH_Init	8	static
../Core/Src/main.c:233:13:MX_USART2_UART_Init	8	static
../Core/Src/main.c:266:13:MX_USB_OTG_FS_PCD_Init	8	static
../Core/Src/main.c:299:13:MX_DMA_Init	16	static
../Core/Src/main.c:320:13:MX_GPIO_Init	56	static
../Core/Src/main.c:384:6:HAL_GPIO_EXTI_Callback	16	static
../Core/Src/main.c:393:6:HAL_UART_TxCpltCallback	16	static
../Core/Src/main.c:403:6:HAL_UART_RxCpltCallback	32	static
../Core/Src/main.c:420:6:Error_Handler	4	static,ignoring_inline_asm
