../Core/Inc/encoder.h:17:6:Encoder_Start	16	static
../Core/Inc/encoder.h:25:9:Encoder_getCnt	16	static
../Core/Inc/encoder.h:30:8:Encoder_getElapse	16	static
../Core/Inc/encoder.h:35:6:Encoder_retZero	16	static
../Core/Inc/encoder.h:41:6:Encoder_elapseIT	16	static
../Core/Inc/bluetooth.h:37:6:BT_Config	16	static
../Core/Inc/bluetooth.h:48:9:BT_Transmit	16	static
../Core/Inc/bluetooth.h:61:9:BT_Transmit_Str	24	static
../Core/Inc/bluetooth.h:77:9:BT_StartGetCMD	8	static
../Core/Inc/bluetooth.h:87:6:BT_TxCplt_CB	8	static
../Core/Inc/bluetooth.h:94:6:BT_RxCplt_CB	8	static
../Core/Inc/stepper.h:20:6:Stepper_Config	24	static
../Core/Inc/stepper.h:32:9:Stepper_Set_Interval	16	static
../Core/Inc/stepper.h:43:9:Stepper_Rotate	16	static
../Core/Inc/stepper.h:69:6:Stepper_Stop	8	static
../Core/Inc/stepper.h:76:6:Stepper_Step_Cplt	8	static
../Core/Inc/stepper.h:89:9:Stepper_Cplt	4	static
../Core/Src/main.c:116:5:main	24	static
../Core/Src/main.c:194:6:SystemClock_Config	88	static
../Core/Src/main.c:240:13:MX_ETH_Init	8	static
../Core/Src/main.c:289:13:MX_TIM1_Init	96	static
../Core/Src/main.c:365:13:MX_TIM4_Init	56	static
../Core/Src/main.c:414:13:MX_USART2_UART_Init	8	static
../Core/Src/main.c:447:13:MX_USART3_UART_Init	8	static
../Core/Src/main.c:480:13:MX_USB_OTG_FS_PCD_Init	8	static
../Core/Src/main.c:513:13:MX_DMA_Init	16	static
../Core/Src/main.c:534:13:MX_GPIO_Init	64	static
../Core/Src/main.c:603:6:HAL_GPIO_EXTI_Callback	16	static
../Core/Src/main.c:611:6:txCplt	4	static
../Core/Src/main.c:614:6:getCMD	24	static
../Core/Src/main.c:623:6:Process_CMD	8	static
../Core/Src/main.c:640:6:HAL_TIM_PeriodElapsedCallback	16	static
../Core/Src/main.c:652:6:Stepper_Rotate_Cplt_CB	8	static
../Core/Src/main.c:678:6:Error_Handler	4	static,ignoring_inline_asm
