05:19:09 **** Incremental Build of configuration Debug for project Main2 ****
make -j12 all 
arm-none-eabi-gcc "../Core/Src/main.c" -mcpu=cortex-m4 -std=gnu11 -g3 -DDEBUG -DUSE_HAL_DRIVER -DSTM32F429xx -c -I../Core/Inc -I../Drivers/STM32F4xx_HAL_Driver/Inc -I../Drivers/STM32F4xx_HAL_Driver/Inc/Legacy -I../Drivers/CMSIS/Device/ST/STM32F4xx/Include -I../Drivers/CMSIS/Include -O0 -ffunction-sections -fdata-sections -Wall -fstack-usage -fcyclomatic-complexity -MMD -MP -MF"Core/Src/main.d" -MT"Core/Src/main.o" --specs=nano.specs -mfpu=fpv4-sp-d16 -mfloat-abi=hard -mthumb -o "Core/Src/main.o"
arm-none-eabi-gcc -o "Main2.elf" @"objects.list"   -mcpu=cortex-m4 -T"C:\Users\choua\STM32CubeIDE\AutoBookshelf\Main2\STM32F429ZITX_FLASH.ld" --specs=nosys.specs -Wl,-Map="Main2.map" -Wl,--gc-sections -static --specs=nano.specs -mfpu=fpv4-sp-d16 -mfloat-abi=hard -mthumb -Wl,--start-group -lc -lm -Wl,--end-group
Finished building target: Main2.elf
 
arm-none-eabi-size  Main2.elf 
arm-none-eabi-objdump -h -S Main2.elf  > "Main2.list"
   text	   data	    bss	    dec	    hex	filename
  26268	     28	   3972	  30268	   763c	Main2.elf
Finished building: default.size.stdout
 
Finished building: Main2.list
 
05:19:33 **** Incremental Build of configuration Debug for project Main2 ****
make -j12 all 
arm-none-eabi-size  Main2.elf 
   text	   data	    bss	    dec	    hex	filename
  26268	     28	   3972	  30268	   763c	Main2.elf
Finished building: default.size.stdout
 
05:24:14 **** Incremental Build of configuration Debug for project Main2 ****
make -j12 all 
arm-none-eabi-gcc "../Core/Src/main.c" -mcpu=cortex-m4 -std=gnu11 -g3 -DDEBUG -DUSE_HAL_DRIVER -DSTM32F429xx -c -I../Core/Inc -I../Drivers/STM32F4xx_HAL_Driver/Inc -I../Drivers/STM32F4xx_HAL_Driver/Inc/Legacy -I../Drivers/CMSIS/Device/ST/STM32F4xx/Include -I../Drivers/CMSIS/Include -O0 -ffunction-sections -fdata-sections -Wall -fstack-usage -fcyclomatic-complexity -MMD -MP -MF"Core/Src/main.d" -MT"Core/Src/main.o" --specs=nano.specs -mfpu=fpv4-sp-d16 -mfloat-abi=hard -mthumb -o "Core/Src/main.o"
arm-none-eabi-gcc -o "Main2.elf" @"objects.list"   -mcpu=cortex-m4 -T"C:\Users\choua\STM32CubeIDE\AutoBookshelf\Main2\STM32F429ZITX_FLASH.ld" --specs=nosys.specs -Wl,-Map="Main2.map" -Wl,--gc-sections -static --specs=nano.specs -mfpu=fpv4-sp-d16 -mfloat-abi=hard -mthumb -Wl,--start-group -lc -lm -Wl,--end-group
Finished building target: Main2.elf
 
arm-none-eabi-size  Main2.elf 
arm-none-eabi-objdump -h -S Main2.elf  > "Main2.list"
   text	   data	    bss	    dec	    hex	filename
  26456	     28	   3980	  30464	   7700	Main2.elf
Finished building: default.size.stdout
 
Finished building: Main2.list
 
05:25:41 **** Incremental Build of configuration Debug for project Main2 ****
make -j12 all 
arm-none-eabi-gcc "../Core/Src/main.c" -mcpu=cortex-m4 -std=gnu11 -g3 -DDEBUG -DUSE_HAL_DRIVER -DSTM32F429xx -c -I../Core/Inc -I../Drivers/STM32F4xx_HAL_Driver/Inc -I../Drivers/STM32F4xx_HAL_Driver/Inc/Legacy -I../Drivers/CMSIS/Device/ST/STM32F4xx/Include -I../Drivers/CMSIS/Include -O0 -ffunction-sections -fdata-sections -Wall -fstack-usage -fcyclomatic-complexity -MMD -MP -MF"Core/Src/main.d" -MT"Core/Src/main.o" --specs=nano.specs -mfpu=fpv4-sp-d16 -mfloat-abi=hard -mthumb -o "Core/Src/main.o"
arm-none-eabi-gcc -o "Main2.elf" @"objects.list"   -mcpu=cortex-m4 -T"C:\Users\choua\STM32CubeIDE\AutoBookshelf\Main2\STM32F429ZITX_FLASH.ld" --specs=nosys.specs -Wl,-Map="Main2.map" -Wl,--gc-sections -static --specs=nano.specs -mfpu=fpv4-sp-d16 -mfloat-abi=hard -mthumb -Wl,--start-group -lc -lm -Wl,--end-group
Finished building target: Main2.elf
 
arm-none-eabi-size  Main2.elf 
arm-none-eabi-objdump -h -S Main2.elf  > "Main2.list"
   text	   data	    bss	    dec	    hex	filename
  26460	     28	   3980	  30468	   7704	Main2.elf
Finished building: default.size.stdout
 
Finished building: Main2.list
 
05:41:44 **** Incremental Build of configuration Debug for project Main2 ****
make -j12 all 
arm-none-eabi-gcc "../Core/Src/main.c" -mcpu=cortex-m4 -std=gnu11 -g3 -DDEBUG -DUSE_HAL_DRIVER -DSTM32F429xx -c -I../Core/Inc -I../Drivers/STM32F4xx_HAL_Driver/Inc -I../Drivers/STM32F4xx_HAL_Driver/Inc/Legacy -I../Drivers/CMSIS/Device/ST/STM32F4xx/Include -I../Drivers/CMSIS/Include -O0 -ffunction-sections -fdata-sections -Wall -fstack-usage -fcyclomatic-complexity -MMD -MP -MF"Core/Src/main.d" -MT"Core/Src/main.o" --specs=nano.specs -mfpu=fpv4-sp-d16 -mfloat-abi=hard -mthumb -o "Core/Src/main.o"
arm-none-eabi-gcc "../Core/Src/stm32f4xx_hal_msp.c" -mcpu=cortex-m4 -std=gnu11 -g3 -DDEBUG -DUSE_HAL_DRIVER -DSTM32F429xx -c -I../Core/Inc -I../Drivers/STM32F4xx_HAL_Driver/Inc -I../Drivers/STM32F4xx_HAL_Driver/Inc/Legacy -I../Drivers/CMSIS/Device/ST/STM32F4xx/Include -I../Drivers/CMSIS/Include -O0 -ffunction-sections -fdata-sections -Wall -fstack-usage -fcyclomatic-complexity -MMD -MP -MF"Core/Src/stm32f4xx_hal_msp.d" -MT"Core/Src/stm32f4xx_hal_msp.o" --specs=nano.specs -mfpu=fpv4-sp-d16 -mfloat-abi=hard -mthumb -o "Core/Src/stm32f4xx_hal_msp.o"
arm-none-eabi-gcc "../Core/Src/stm32f4xx_it.c" -mcpu=cortex-m4 -std=gnu11 -g3 -DDEBUG -DUSE_HAL_DRIVER -DSTM32F429xx -c -I../Core/Inc -I../Drivers/STM32F4xx_HAL_Driver/Inc -I../Drivers/STM32F4xx_HAL_Driver/Inc/Legacy -I../Drivers/CMSIS/Device/ST/STM32F4xx/Include -I../Drivers/CMSIS/Include -O0 -ffunction-sections -fdata-sections -Wall -fstack-usage -fcyclomatic-complexity -MMD -MP -MF"Core/Src/stm32f4xx_it.d" -MT"Core/Src/stm32f4xx_it.o" --specs=nano.specs -mfpu=fpv4-sp-d16 -mfloat-abi=hard -mthumb -o "Core/Src/stm32f4xx_it.o"
arm-none-eabi-gcc -o "Main2.elf" @"objects.list"   -mcpu=cortex-m4 -T"C:\Users\choua\STM32CubeIDE\AutoBookshelf\Main2\STM32F429ZITX_FLASH.ld" --specs=nosys.specs -Wl,-Map="Main2.map" -Wl,--gc-sections -static --specs=nano.specs -mfpu=fpv4-sp-d16 -mfloat-abi=hard -mthumb -Wl,--start-group -lc -lm -Wl,--end-group
Finished building target: Main2.elf
 
arm-none-eabi-size  Main2.elf 
arm-none-eabi-objdump -h -S Main2.elf  > "Main2.list"
   text	   data	    bss	    dec	    hex	filename
  27752	     28	   4060	  31840	   7c60	Main2.elf
Finished building: default.size.stdout
 
Finished building: Main2.list
 
06:38:15 **** Incremental Build of configuration Debug for project Main2 ****
make -j12 all 
arm-none-eabi-gcc "../Core/Src/main.c" -mcpu=cortex-m4 -std=gnu11 -g3 -DDEBUG -DUSE_HAL_DRIVER -DSTM32F429xx -c -I../Core/Inc -I../Drivers/STM32F4xx_HAL_Driver/Inc -I../Drivers/STM32F4xx_HAL_Driver/Inc/Legacy -I../Drivers/CMSIS/Device/ST/STM32F4xx/Include -I../Drivers/CMSIS/Include -O0 -ffunction-sections -fdata-sections -Wall -fstack-usage -fcyclomatic-complexity -MMD -MP -MF"Core/Src/main.d" -MT"Core/Src/main.o" --specs=nano.specs -mfpu=fpv4-sp-d16 -mfloat-abi=hard -mthumb -o "Core/Src/main.o"
../Core/Src/main.c: In function 'main':
../Core/Src/main.c:163:14: warning: suggest parentheses around assignment used as truth value [-Wparentheses]
  163 |           if(but = 1 && Stepper_Cplt())
      |              ^~~
arm-none-eabi-gcc -o "Main2.elf" @"objects.list"   -mcpu=cortex-m4 -T"C:\Users\choua\STM32CubeIDE\AutoBookshelf\Main2\STM32F429ZITX_FLASH.ld" --specs=nosys.specs -Wl,-Map="Main2.map" -Wl,--gc-sections -static --specs=nano.specs -mfpu=fpv4-sp-d16 -mfloat-abi=hard -mthumb -Wl,--start-group -lc -lm -Wl,--end-group
Finished building target: Main2.elf
 
arm-none-eabi-size  Main2.elf 
arm-none-eabi-objdump -h -S Main2.elf  > "Main2.list"
   text	   data	    bss	    dec	    hex	filename
  27792	     28	   4068	  31888	   7c90	Main2.elf
Finished building: default.size.stdout
 
Finished building: Main2.list
 
06:38:55 **** Incremental Build of configuration Debug for project Main2 ****
make -j12 all 
arm-none-eabi-gcc "../Core/Src/main.c" -mcpu=cortex-m4 -std=gnu11 -g3 -DDEBUG -DUSE_HAL_DRIVER -DSTM32F429xx -c -I../Core/Inc -I../Drivers/STM32F4xx_HAL_Driver/Inc -I../Drivers/STM32F4xx_HAL_Driver/Inc/Legacy -I../Drivers/CMSIS/Device/ST/STM32F4xx/Include -I../Drivers/CMSIS/Include -O0 -ffunction-sections -fdata-sections -Wall -fstack-usage -fcyclomatic-complexity -MMD -MP -MF"Core/Src/main.d" -MT"Core/Src/main.o" --specs=nano.specs -mfpu=fpv4-sp-d16 -mfloat-abi=hard -mthumb -o "Core/Src/main.o"
arm-none-eabi-gcc -o "Main2.elf" @"objects.list"   -mcpu=cortex-m4 -T"C:\Users\choua\STM32CubeIDE\AutoBookshelf\Main2\STM32F429ZITX_FLASH.ld" --specs=nosys.specs -Wl,-Map="Main2.map" -Wl,--gc-sections -static --specs=nano.specs -mfpu=fpv4-sp-d16 -mfloat-abi=hard -mthumb -Wl,--start-group -lc -lm -Wl,--end-group
Finished building target: Main2.elf
 
arm-none-eabi-size  Main2.elf 
arm-none-eabi-objdump -h -S Main2.elf  > "Main2.list"
   text	   data	    bss	    dec	    hex	filename
  27780	     28	   4068	  31876	   7c84	Main2.elf
Finished building: default.size.stdout
 
Finished building: Main2.list
 
06:40:08 **** Incremental Build of configuration Debug for project Main2 ****
make -j12 all 
arm-none-eabi-size  Main2.elf 
   text	   data	    bss	    dec	    hex	filename
  27780	     28	   4068	  31876	   7c84	Main2.elf
Finished building: default.size.stdout
 
06:41:29 **** Incremental Build of configuration Debug for project Main2 ****
make -j12 all 
arm-none-eabi-size  Main2.elf 
   text	   data	    bss	    dec	    hex	filename
  27780	     28	   4068	  31876	   7c84	Main2.elf
Finished building: default.size.stdout
 
06:44:32 **** Incremental Build of configuration Debug for project Main2 ****
make -j12 all 
arm-none-eabi-size  Main2.elf 
   text	   data	    bss	    dec	    hex	filename
  27780	     28	   4068	  31876	   7c84	Main2.elf
Finished building: default.size.stdout
 
10:01:25 **** Incremental Build of configuration Debug for project Main2 ****
make -j12 all 
arm-none-eabi-size  Main2.elf 
   text	   data	    bss	    dec	    hex	filename
  27780	     28	   4068	  31876	   7c84	Main2.elf
Finished building: default.size.stdout
 
10:13:17 **** Incremental Build of configuration Debug for project Main2 ****
make -j12 all 
arm-none-eabi-gcc "../Core/Src/main.c" -mcpu=cortex-m4 -std=gnu11 -g3 -DDEBUG -DUSE_HAL_DRIVER -DSTM32F429xx -c -I../Core/Inc -I../Drivers/STM32F4xx_HAL_Driver/Inc -I../Drivers/STM32F4xx_HAL_Driver/Inc/Legacy -I../Drivers/CMSIS/Device/ST/STM32F4xx/Include -I../Drivers/CMSIS/Include -O0 -ffunction-sections -fdata-sections -Wall -fstack-usage -fcyclomatic-complexity -MMD -MP -MF"Core/Src/main.d" -MT"Core/Src/main.o" --specs=nano.specs -mfpu=fpv4-sp-d16 -mfloat-abi=hard -mthumb -o "Core/Src/main.o"
arm-none-eabi-gcc -o "Main2.elf" @"objects.list"   -mcpu=cortex-m4 -T"C:\Users\choua\STM32CubeIDE\AutoBookshelf\Main2\STM32F429ZITX_FLASH.ld" --specs=nosys.specs -Wl,-Map="Main2.map" -Wl,--gc-sections -static --specs=nano.specs -mfpu=fpv4-sp-d16 -mfloat-abi=hard -mthumb -Wl,--start-group -lc -lm -Wl,--end-group
Finished building target: Main2.elf
 
arm-none-eabi-size  Main2.elf 
arm-none-eabi-objdump -h -S Main2.elf  > "Main2.list"
   text	   data	    bss	    dec	    hex	filename
  27796	     32	   4064	  31892	   7c94	Main2.elf
Finished building: default.size.stdout
 
Finished building: Main2.list
 
10:15:27 **** Incremental Build of configuration Debug for project Main2 ****
make -j12 all 
arm-none-eabi-gcc "../Core/Src/main.c" -mcpu=cortex-m4 -std=gnu11 -g3 -DDEBUG -DUSE_HAL_DRIVER -DSTM32F429xx -c -I../Core/Inc -I../Drivers/STM32F4xx_HAL_Driver/Inc -I../Drivers/STM32F4xx_HAL_Driver/Inc/Legacy -I../Drivers/CMSIS/Device/ST/STM32F4xx/Include -I../Drivers/CMSIS/Include -O0 -ffunction-sections -fdata-sections -Wall -fstack-usage -fcyclomatic-complexity -MMD -MP -MF"Core/Src/main.d" -MT"Core/Src/main.o" --specs=nano.specs -mfpu=fpv4-sp-d16 -mfloat-abi=hard -mthumb -o "Core/Src/main.o"
arm-none-eabi-gcc -o "Main2.elf" @"objects.list"   -mcpu=cortex-m4 -T"C:\Users\choua\STM32CubeIDE\AutoBookshelf\Main2\STM32F429ZITX_FLASH.ld" --specs=nosys.specs -Wl,-Map="Main2.map" -Wl,--gc-sections -static --specs=nano.specs -mfpu=fpv4-sp-d16 -mfloat-abi=hard -mthumb -Wl,--start-group -lc -lm -Wl,--end-group
Finished building target: Main2.elf
 
arm-none-eabi-size  Main2.elf 
arm-none-eabi-objdump -h -S Main2.elf  > "Main2.list"
   text	   data	    bss	    dec	    hex	filename
  27864	     32	   4064	  31960	   7cd8	Main2.elf
Finished building: default.size.stdout
 
Finished building: Main2.list
 
10:20:24 **** Incremental Build of configuration Debug for project Main2 ****
make -j12 all 
arm-none-eabi-size  Main2.elf 
   text	   data	    bss	    dec	    hex	filename
  27864	     32	   4064	  31960	   7cd8	Main2.elf
Finished building: default.size.stdout
 
10:24:00 **** Incremental Build of configuration Debug for project Main2 ****
make -j12 all 
arm-none-eabi-size  Main2.elf 
   text	   data	    bss	    dec	    hex	filename
  27864	     32	   4064	  31960	   7cd8	Main2.elf
Finished building: default.size.stdout
 
10:35:00 **** Incremental Build of configuration Debug for project Main2 ****
make -j12 all 
arm-none-eabi-gcc "../Core/Src/main.c" -mcpu=cortex-m4 -std=gnu11 -g3 -DDEBUG -DUSE_HAL_DRIVER -DSTM32F429xx -c -I../Core/Inc -I../Drivers/STM32F4xx_HAL_Driver/Inc -I../Drivers/STM32F4xx_HAL_Driver/Inc/Legacy -I../Drivers/CMSIS/Device/ST/STM32F4xx/Include -I../Drivers/CMSIS/Include -O0 -ffunction-sections -fdata-sections -Wall -fstack-usage -fcyclomatic-complexity -MMD -MP -MF"Core/Src/main.d" -MT"Core/Src/main.o" --specs=nano.specs -mfpu=fpv4-sp-d16 -mfloat-abi=hard -mthumb -o "Core/Src/main.o"
arm-none-eabi-gcc -o "Main2.elf" @"objects.list"   -mcpu=cortex-m4 -T"C:\Users\choua\STM32CubeIDE\AutoBookshelf\Main2\STM32F429ZITX_FLASH.ld" --specs=nosys.specs -Wl,-Map="Main2.map" -Wl,--gc-sections -static --specs=nano.specs -mfpu=fpv4-sp-d16 -mfloat-abi=hard -mthumb -Wl,--start-group -lc -lm -Wl,--end-group
Finished building target: Main2.elf
 
arm-none-eabi-size  Main2.elf 
arm-none-eabi-objdump -h -S Main2.elf  > "Main2.list"
   text	   data	    bss	    dec	    hex	filename
  27876	     32	   4064	  31972	   7ce4	Main2.elf
Finished building: default.size.stdout
 
Finished building: Main2.list
 
10:35:35 **** Incremental Build of configuration Debug for project Main2 ****
make -j12 all 
arm-none-eabi-size  Main2.elf 
   text	   data	    bss	    dec	    hex	filename
  27876	     32	   4064	  31972	   7ce4	Main2.elf
Finished building: default.size.stdout
 
10:37:41 **** Incremental Build of configuration Debug for project Main2 ****
make -j12 all 
arm-none-eabi-gcc "../Core/Src/main.c" -mcpu=cortex-m4 -std=gnu11 -g3 -DDEBUG -DUSE_HAL_DRIVER -DSTM32F429xx -c -I../Core/Inc -I../Drivers/STM32F4xx_HAL_Driver/Inc -I../Drivers/STM32F4xx_HAL_Driver/Inc/Legacy -I../Drivers/CMSIS/Device/ST/STM32F4xx/Include -I../Drivers/CMSIS/Include -O0 -ffunction-sections -fdata-sections -Wall -fstack-usage -fcyclomatic-complexity -MMD -MP -MF"Core/Src/main.d" -MT"Core/Src/main.o" --specs=nano.specs -mfpu=fpv4-sp-d16 -mfloat-abi=hard -mthumb -o "Core/Src/main.o"
arm-none-eabi-gcc -o "Main2.elf" @"objects.list"   -mcpu=cortex-m4 -T"C:\Users\choua\STM32CubeIDE\AutoBookshelf\Main2\STM32F429ZITX_FLASH.ld" --specs=nosys.specs -Wl,-Map="Main2.map" -Wl,--gc-sections -static --specs=nano.specs -mfpu=fpv4-sp-d16 -mfloat-abi=hard -mthumb -Wl,--start-group -lc -lm -Wl,--end-group
Finished building target: Main2.elf
 
arm-none-eabi-size  Main2.elf 
arm-none-eabi-objdump -h -S Main2.elf  > "Main2.list"
   text	   data	    bss	    dec	    hex	filename
  27884	     32	   4064	  31980	   7cec	Main2.elf
Finished building: default.size.stdout
 
Finished building: Main2.list
 
10:37:55 **** Incremental Build of configuration Debug for project Main2 ****
make -j12 all 
arm-none-eabi-size  Main2.elf 
   text	   data	    bss	    dec	    hex	filename
  27884	     32	   4064	  31980	   7cec	Main2.elf
Finished building: default.size.stdout
 
10:39:36 **** Incremental Build of configuration Debug for project Main2 ****
make -j12 all 
arm-none-eabi-gcc "../Core/Src/main.c" -mcpu=cortex-m4 -std=gnu11 -g3 -DDEBUG -DUSE_HAL_DRIVER -DSTM32F429xx -c -I../Core/Inc -I../Drivers/STM32F4xx_HAL_Driver/Inc -I../Drivers/STM32F4xx_HAL_Driver/Inc/Legacy -I../Drivers/CMSIS/Device/ST/STM32F4xx/Include -I../Drivers/CMSIS/Include -O0 -ffunction-sections -fdata-sections -Wall -fstack-usage -fcyclomatic-complexity -MMD -MP -MF"Core/Src/main.d" -MT"Core/Src/main.o" --specs=nano.specs -mfpu=fpv4-sp-d16 -mfloat-abi=hard -mthumb -o "Core/Src/main.o"
arm-none-eabi-gcc -o "Main2.elf" @"objects.list"   -mcpu=cortex-m4 -T"C:\Users\choua\STM32CubeIDE\AutoBookshelf\Main2\STM32F429ZITX_FLASH.ld" --specs=nosys.specs -Wl,-Map="Main2.map" -Wl,--gc-sections -static --specs=nano.specs -mfpu=fpv4-sp-d16 -mfloat-abi=hard -mthumb -Wl,--start-group -lc -lm -Wl,--end-group
Finished building target: Main2.elf
 
arm-none-eabi-size  Main2.elf 
arm-none-eabi-objdump -h -S Main2.elf  > "Main2.list"
   text	   data	    bss	    dec	    hex	filename
  27900	     32	   4072	  32004	   7d04	Main2.elf
Finished building: default.size.stdout
 
Finished building: Main2.list
 
10:52:59 **** Incremental Build of configuration Debug for project Main2 ****
make -j12 all 
arm-none-eabi-gcc "../Core/Src/main.c" -mcpu=cortex-m4 -std=gnu11 -g3 -DDEBUG -DUSE_HAL_DRIVER -DSTM32F429xx -c -I../Core/Inc -I../Drivers/STM32F4xx_HAL_Driver/Inc -I../Drivers/STM32F4xx_HAL_Driver/Inc/Legacy -I../Drivers/CMSIS/Device/ST/STM32F4xx/Include -I../Drivers/CMSIS/Include -O0 -ffunction-sections -fdata-sections -Wall -fstack-usage -fcyclomatic-complexity -MMD -MP -MF"Core/Src/main.d" -MT"Core/Src/main.o" --specs=nano.specs -mfpu=fpv4-sp-d16 -mfloat-abi=hard -mthumb -o "Core/Src/main.o"
arm-none-eabi-gcc -o "Main2.elf" @"objects.list"   -mcpu=cortex-m4 -T"C:\Users\choua\STM32CubeIDE\AutoBookshelf\Main2\STM32F429ZITX_FLASH.ld" --specs=nosys.specs -Wl,-Map="Main2.map" -Wl,--gc-sections -static --specs=nano.specs -mfpu=fpv4-sp-d16 -mfloat-abi=hard -mthumb -Wl,--start-group -lc -lm -Wl,--end-group
Finished building target: Main2.elf
 
arm-none-eabi-size  Main2.elf 
arm-none-eabi-objdump -h -S Main2.elf  > "Main2.list"
   text	   data	    bss	    dec	    hex	filename
  27856	     32	   4072	  31960	   7cd8	Main2.elf
Finished building: default.size.stdout
 
Finished building: Main2.list
 
10:56:36 **** Incremental Build of configuration Debug for project Main2 ****
make -j12 all 
arm-none-eabi-gcc "../Core/Src/main.c" -mcpu=cortex-m4 -std=gnu11 -g3 -DDEBUG -DUSE_HAL_DRIVER -DSTM32F429xx -c -I../Core/Inc -I../Drivers/STM32F4xx_HAL_Driver/Inc -I../Drivers/STM32F4xx_HAL_Driver/Inc/Legacy -I../Drivers/CMSIS/Device/ST/STM32F4xx/Include -I../Drivers/CMSIS/Include -O0 -ffunction-sections -fdata-sections -Wall -fstack-usage -fcyclomatic-complexity -MMD -MP -MF"Core/Src/main.d" -MT"Core/Src/main.o" --specs=nano.specs -mfpu=fpv4-sp-d16 -mfloat-abi=hard -mthumb -o "Core/Src/main.o"
arm-none-eabi-gcc -o "Main2.elf" @"objects.list"   -mcpu=cortex-m4 -T"C:\Users\choua\STM32CubeIDE\AutoBookshelf\Main2\STM32F429ZITX_FLASH.ld" --specs=nosys.specs -Wl,-Map="Main2.map" -Wl,--gc-sections -static --specs=nano.specs -mfpu=fpv4-sp-d16 -mfloat-abi=hard -mthumb -Wl,--start-group -lc -lm -Wl,--end-group
Finished building target: Main2.elf
 
arm-none-eabi-size  Main2.elf 
arm-none-eabi-objdump -h -S Main2.elf  > "Main2.list"
   text	   data	    bss	    dec	    hex	filename
  27856	     32	   4072	  31960	   7cd8	Main2.elf
Finished building: default.size.stdout
 
Finished building: Main2.list
 
10:57:52 **** Incremental Build of configuration Debug for project Main2 ****
make -j12 all 
arm-none-eabi-gcc "../Core/Src/main.c" -mcpu=cortex-m4 -std=gnu11 -g3 -DDEBUG -DUSE_HAL_DRIVER -DSTM32F429xx -c -I../Core/Inc -I../Drivers/STM32F4xx_HAL_Driver/Inc -I../Drivers/STM32F4xx_HAL_Driver/Inc/Legacy -I../Drivers/CMSIS/Device/ST/STM32F4xx/Include -I../Drivers/CMSIS/Include -O0 -ffunction-sections -fdata-sections -Wall -fstack-usage -fcyclomatic-complexity -MMD -MP -MF"Core/Src/main.d" -MT"Core/Src/main.o" --specs=nano.specs -mfpu=fpv4-sp-d16 -mfloat-abi=hard -mthumb -o "Core/Src/main.o"
arm-none-eabi-gcc -o "Main2.elf" @"objects.list"   -mcpu=cortex-m4 -T"C:\Users\choua\STM32CubeIDE\AutoBookshelf\Main2\STM32F429ZITX_FLASH.ld" --specs=nosys.specs -Wl,-Map="Main2.map" -Wl,--gc-sections -static --specs=nano.specs -mfpu=fpv4-sp-d16 -mfloat-abi=hard -mthumb -Wl,--start-group -lc -lm -Wl,--end-group
Finished building target: Main2.elf
 
arm-none-eabi-size  Main2.elf 
arm-none-eabi-objdump -h -S Main2.elf  > "Main2.list"
   text	   data	    bss	    dec	    hex	filename
  27856	     32	   4072	  31960	   7cd8	Main2.elf
Finished building: default.size.stdout
 
Finished building: Main2.list
 
10:59:51 **** Incremental Build of configuration Debug for project Main2 ****
make -j12 all 
arm-none-eabi-gcc "../Core/Src/main.c" -mcpu=cortex-m4 -std=gnu11 -g3 -DDEBUG -DUSE_HAL_DRIVER -DSTM32F429xx -c -I../Core/Inc -I../Drivers/STM32F4xx_HAL_Driver/Inc -I../Drivers/STM32F4xx_HAL_Driver/Inc/Legacy -I../Drivers/CMSIS/Device/ST/STM32F4xx/Include -I../Drivers/CMSIS/Include -O0 -ffunction-sections -fdata-sections -Wall -fstack-usage -fcyclomatic-complexity -MMD -MP -MF"Core/Src/main.d" -MT"Core/Src/main.o" --specs=nano.specs -mfpu=fpv4-sp-d16 -mfloat-abi=hard -mthumb -o "Core/Src/main.o"
arm-none-eabi-gcc "../Core/Src/stm32f4xx_hal_msp.c" -mcpu=cortex-m4 -std=gnu11 -g3 -DDEBUG -DUSE_HAL_DRIVER -DSTM32F429xx -c -I../Core/Inc -I../Drivers/STM32F4xx_HAL_Driver/Inc -I../Drivers/STM32F4xx_HAL_Driver/Inc/Legacy -I../Drivers/CMSIS/Device/ST/STM32F4xx/Include -I../Drivers/CMSIS/Include -O0 -ffunction-sections -fdata-sections -Wall -fstack-usage -fcyclomatic-complexity -MMD -MP -MF"Core/Src/stm32f4xx_hal_msp.d" -MT"Core/Src/stm32f4xx_hal_msp.o" --specs=nano.specs -mfpu=fpv4-sp-d16 -mfloat-abi=hard -mthumb -o "Core/Src/stm32f4xx_hal_msp.o"
arm-none-eabi-gcc -o "Main2.elf" @"objects.list"   -mcpu=cortex-m4 -T"C:\Users\choua\STM32CubeIDE\AutoBookshelf\Main2\STM32F429ZITX_FLASH.ld" --specs=nosys.specs -Wl,-Map="Main2.map" -Wl,--gc-sections -static --specs=nano.specs -mfpu=fpv4-sp-d16 -mfloat-abi=hard -mthumb -Wl,--start-group -lc -lm -Wl,--end-group
Finished building target: Main2.elf
 
arm-none-eabi-size  Main2.elf 
arm-none-eabi-objdump -h -S Main2.elf  > "Main2.list"
   text	   data	    bss	    dec	    hex	filename
  27856	     32	   4072	  31960	   7cd8	Main2.elf
Finished building: default.size.stdout
 
Finished building: Main2.list
 
11:00:22 **** Incremental Build of configuration Debug for project Main2 ****
make -j12 all 
arm-none-eabi-size  Main2.elf 
   text	   data	    bss	    dec	    hex	filename
  27856	     32	   4072	  31960	   7cd8	Main2.elf
Finished building: default.size.stdout
 
11:00:43 **** Incremental Build of configuration Debug for project Main2 ****
make -j12 all 
arm-none-eabi-size  Main2.elf 
   text	   data	    bss	    dec	    hex	filename
  27856	     32	   4072	  31960	   7cd8	Main2.elf
Finished building: default.size.stdout
 
11:01:57 **** Incremental Build of configuration Debug for project Main2 ****
make -j12 all 
arm-none-eabi-gcc "../Core/Src/stm32f4xx_hal_msp.c" -mcpu=cortex-m4 -std=gnu11 -g3 -DDEBUG -DUSE_HAL_DRIVER -DSTM32F429xx -c -I../Core/Inc -I../Drivers/STM32F4xx_HAL_Driver/Inc -I../Drivers/STM32F4xx_HAL_Driver/Inc/Legacy -I../Drivers/CMSIS/Device/ST/STM32F4xx/Include -I../Drivers/CMSIS/Include -O0 -ffunction-sections -fdata-sections -Wall -fstack-usage -fcyclomatic-complexity -MMD -MP -MF"Core/Src/stm32f4xx_hal_msp.d" -MT"Core/Src/stm32f4xx_hal_msp.o" --specs=nano.specs -mfpu=fpv4-sp-d16 -mfloat-abi=hard -mthumb -o "Core/Src/stm32f4xx_hal_msp.o"
arm-none-eabi-gcc -o "Main2.elf" @"objects.list"   -mcpu=cortex-m4 -T"C:\Users\choua\STM32CubeIDE\AutoBookshelf\Main2\STM32F429ZITX_FLASH.ld" --specs=nosys.specs -Wl,-Map="Main2.map" -Wl,--gc-sections -static --specs=nano.specs -mfpu=fpv4-sp-d16 -mfloat-abi=hard -mthumb -Wl,--start-group -lc -lm -Wl,--end-group
Finished building target: Main2.elf
 
arm-none-eabi-size  Main2.elf 
arm-none-eabi-objdump -h -S Main2.elf  > "Main2.list"
   text	   data	    bss	    dec	    hex	filename
  27856	     32	   4072	  31960	   7cd8	Main2.elf
Finished building: default.size.stdout
 
Finished building: Main2.list
 
11:03:01 **** Incremental Build of configuration Debug for project Main2 ****
make -j12 all 
arm-none-eabi-gcc -o "Main2.elf" @"objects.list"   -mcpu=cortex-m4 -T"C:\Users\choua\STM32CubeIDE\AutoBookshelf\Main2\STM32F429ZITX_FLASH.ld" --specs=nosys.specs -Wl,-Map="Main2.map" -Wl,--gc-sections -static --specs=nano.specs -mfpu=fpv4-sp-d16 -mfloat-abi=hard -mthumb -Wl,--start-group -lc -lm -Wl,--end-group
Finished building target: Main2.elf
 
arm-none-eabi-size  Main2.elf 
arm-none-eabi-objdump -h -S Main2.elf  > "Main2.list"
   text	   data	    bss	    dec	    hex	filename
  27856	     32	   4072	  31960	   7cd8	Main2.elf
Finished building: default.size.stdout
 
Finished building: Main2.list
 
11:04:34 **** Incremental Build of configuration Debug for project Main2 ****
make -j12 all 
arm-none-eabi-gcc "../Core/Src/main.c" -mcpu=cortex-m4 -std=gnu11 -g3 -DDEBUG -DUSE_HAL_DRIVER -DSTM32F429xx -c -I../Core/Inc -I../Drivers/STM32F4xx_HAL_Driver/Inc -I../Drivers/STM32F4xx_HAL_Driver/Inc/Legacy -I../Drivers/CMSIS/Device/ST/STM32F4xx/Include -I../Drivers/CMSIS/Include -O0 -ffunction-sections -fdata-sections -Wall -fstack-usage -fcyclomatic-complexity -MMD -MP -MF"Core/Src/main.d" -MT"Core/Src/main.o" --specs=nano.specs -mfpu=fpv4-sp-d16 -mfloat-abi=hard -mthumb -o "Core/Src/main.o"
arm-none-eabi-gcc -o "Main2.elf" @"objects.list"   -mcpu=cortex-m4 -T"C:\Users\choua\STM32CubeIDE\AutoBookshelf\Main2\STM32F429ZITX_FLASH.ld" --specs=nosys.specs -Wl,-Map="Main2.map" -Wl,--gc-sections -static --specs=nano.specs -mfpu=fpv4-sp-d16 -mfloat-abi=hard -mthumb -Wl,--start-group -lc -lm -Wl,--end-group
Finished building target: Main2.elf
 
arm-none-eabi-size  Main2.elf 
arm-none-eabi-objdump -h -S Main2.elf  > "Main2.list"
   text	   data	    bss	    dec	    hex	filename
  27856	     32	   4072	  31960	   7cd8	Main2.elf
Finished building: default.size.stdout
 
Finished building: Main2.list
 
11:05:49 **** Incremental Build of configuration Debug for project Main2 ****
make -j12 all 
arm-none-eabi-gcc "../Core/Src/main.c" -mcpu=cortex-m4 -std=gnu11 -g3 -DDEBUG -DUSE_HAL_DRIVER -DSTM32F429xx -c -I../Core/Inc -I../Drivers/STM32F4xx_HAL_Driver/Inc -I../Drivers/STM32F4xx_HAL_Driver/Inc/Legacy -I../Drivers/CMSIS/Device/ST/STM32F4xx/Include -I../Drivers/CMSIS/Include -O0 -ffunction-sections -fdata-sections -Wall -fstack-usage -fcyclomatic-complexity -MMD -MP -MF"Core/Src/main.d" -MT"Core/Src/main.o" --specs=nano.specs -mfpu=fpv4-sp-d16 -mfloat-abi=hard -mthumb -o "Core/Src/main.o"
arm-none-eabi-gcc -o "Main2.elf" @"objects.list"   -mcpu=cortex-m4 -T"C:\Users\choua\STM32CubeIDE\AutoBookshelf\Main2\STM32F429ZITX_FLASH.ld" --specs=nosys.specs -Wl,-Map="Main2.map" -Wl,--gc-sections -static --specs=nano.specs -mfpu=fpv4-sp-d16 -mfloat-abi=hard -mthumb -Wl,--start-group -lc -lm -Wl,--end-group
Finished building target: Main2.elf
 
arm-none-eabi-size  Main2.elf 
arm-none-eabi-objdump -h -S Main2.elf  > "Main2.list"
   text	   data	    bss	    dec	    hex	filename
  27856	     32	   4072	  31960	   7cd8	Main2.elf
Finished building: default.size.stdout
 
Finished building: Main2.list
 
11:07:06 **** Incremental Build of configuration Debug for project Main2 ****
make -j12 all 
arm-none-eabi-gcc "../Core/Src/main.c" -mcpu=cortex-m4 -std=gnu11 -g3 -DDEBUG -DUSE_HAL_DRIVER -DSTM32F429xx -c -I../Core/Inc -I../Drivers/STM32F4xx_HAL_Driver/Inc -I../Drivers/STM32F4xx_HAL_Driver/Inc/Legacy -I../Drivers/CMSIS/Device/ST/STM32F4xx/Include -I../Drivers/CMSIS/Include -O0 -ffunction-sections -fdata-sections -Wall -fstack-usage -fcyclomatic-complexity -MMD -MP -MF"Core/Src/main.d" -MT"Core/Src/main.o" --specs=nano.specs -mfpu=fpv4-sp-d16 -mfloat-abi=hard -mthumb -o "Core/Src/main.o"
arm-none-eabi-gcc -o "Main2.elf" @"objects.list"   -mcpu=cortex-m4 -T"C:\Users\choua\STM32CubeIDE\AutoBookshelf\Main2\STM32F429ZITX_FLASH.ld" --specs=nosys.specs -Wl,-Map="Main2.map" -Wl,--gc-sections -static --specs=nano.specs -mfpu=fpv4-sp-d16 -mfloat-abi=hard -mthumb -Wl,--start-group -lc -lm -Wl,--end-group
Finished building target: Main2.elf
 
arm-none-eabi-size  Main2.elf 
arm-none-eabi-objdump -h -S Main2.elf  > "Main2.list"
   text	   data	    bss	    dec	    hex	filename
  27856	     32	   4072	  31960	   7cd8	Main2.elf
Finished building: default.size.stdout
 
Finished building: Main2.list
 
11:08:33 **** Incremental Build of configuration Debug for project Main2 ****
make -j12 all 
arm-none-eabi-gcc "../Core/Src/main.c" -mcpu=cortex-m4 -std=gnu11 -g3 -DDEBUG -DUSE_HAL_DRIVER -DSTM32F429xx -c -I../Core/Inc -I../Drivers/STM32F4xx_HAL_Driver/Inc -I../Drivers/STM32F4xx_HAL_Driver/Inc/Legacy -I../Drivers/CMSIS/Device/ST/STM32F4xx/Include -I../Drivers/CMSIS/Include -O0 -ffunction-sections -fdata-sections -Wall -fstack-usage -fcyclomatic-complexity -MMD -MP -MF"Core/Src/main.d" -MT"Core/Src/main.o" --specs=nano.specs -mfpu=fpv4-sp-d16 -mfloat-abi=hard -mthumb -o "Core/Src/main.o"
arm-none-eabi-gcc -o "Main2.elf" @"objects.list"   -mcpu=cortex-m4 -T"C:\Users\choua\STM32CubeIDE\AutoBookshelf\Main2\STM32F429ZITX_FLASH.ld" --specs=nosys.specs -Wl,-Map="Main2.map" -Wl,--gc-sections -static --specs=nano.specs -mfpu=fpv4-sp-d16 -mfloat-abi=hard -mthumb -Wl,--start-group -lc -lm -Wl,--end-group
Finished building target: Main2.elf
 
arm-none-eabi-size  Main2.elf 
arm-none-eabi-objdump -h -S Main2.elf  > "Main2.list"
   text	   data	    bss	    dec	    hex	filename
  27856	     32	   4072	  31960	   7cd8	Main2.elf
Finished building: default.size.stdout
 
Finished building: Main2.list
 
11:11:41 **** Incremental Build of configuration Debug for project Main2 ****
make -j12 all 
arm-none-eabi-gcc "../Core/Src/stm32f4xx_hal_msp.c" -mcpu=cortex-m4 -std=gnu11 -g3 -DDEBUG -DUSE_HAL_DRIVER -DSTM32F429xx -c -I../Core/Inc -I../Drivers/STM32F4xx_HAL_Driver/Inc -I../Drivers/STM32F4xx_HAL_Driver/Inc/Legacy -I../Drivers/CMSIS/Device/ST/STM32F4xx/Include -I../Drivers/CMSIS/Include -O0 -ffunction-sections -fdata-sections -Wall -fstack-usage -fcyclomatic-complexity -MMD -MP -MF"Core/Src/stm32f4xx_hal_msp.d" -MT"Core/Src/stm32f4xx_hal_msp.o" --specs=nano.specs -mfpu=fpv4-sp-d16 -mfloat-abi=hard -mthumb -o "Core/Src/stm32f4xx_hal_msp.o"
arm-none-eabi-gcc -o "Main2.elf" @"objects.list"   -mcpu=cortex-m4 -T"C:\Users\choua\STM32CubeIDE\AutoBookshelf\Main2\STM32F429ZITX_FLASH.ld" --specs=nosys.specs -Wl,-Map="Main2.map" -Wl,--gc-sections -static --specs=nano.specs -mfpu=fpv4-sp-d16 -mfloat-abi=hard -mthumb -Wl,--start-group -lc -lm -Wl,--end-group
Finished building target: Main2.elf
 
arm-none-eabi-size  Main2.elf 
arm-none-eabi-objdump -h -S Main2.elf  > "Main2.list"
   text	   data	    bss	    dec	    hex	filename
  27856	     32	   4072	  31960	   7cd8	Main2.elf
Finished building: default.size.stdout
 
Finished building: Main2.list
 
11:13:56 **** Incremental Build of configuration Debug for project Main2 ****
make -j12 all 
arm-none-eabi-gcc "../Core/Src/main.c" -mcpu=cortex-m4 -std=gnu11 -g3 -DDEBUG -DUSE_HAL_DRIVER -DSTM32F429xx -c -I../Core/Inc -I../Drivers/STM32F4xx_HAL_Driver/Inc -I../Drivers/STM32F4xx_HAL_Driver/Inc/Legacy -I../Drivers/CMSIS/Device/ST/STM32F4xx/Include -I../Drivers/CMSIS/Include -O0 -ffunction-sections -fdata-sections -Wall -fstack-usage -fcyclomatic-complexity -MMD -MP -MF"Core/Src/main.d" -MT"Core/Src/main.o" --specs=nano.specs -mfpu=fpv4-sp-d16 -mfloat-abi=hard -mthumb -o "Core/Src/main.o"
arm-none-eabi-gcc -o "Main2.elf" @"objects.list"   -mcpu=cortex-m4 -T"C:\Users\choua\STM32CubeIDE\AutoBookshelf\Main2\STM32F429ZITX_FLASH.ld" --specs=nosys.specs -Wl,-Map="Main2.map" -Wl,--gc-sections -static --specs=nano.specs -mfpu=fpv4-sp-d16 -mfloat-abi=hard -mthumb -Wl,--start-group -lc -lm -Wl,--end-group
Finished building target: Main2.elf
 
arm-none-eabi-size  Main2.elf 
arm-none-eabi-objdump -h -S Main2.elf  > "Main2.list"
   text	   data	    bss	    dec	    hex	filename
  27856	     32	   4072	  31960	   7cd8	Main2.elf
Finished building: default.size.stdout
 
Finished building: Main2.list
 
11:15:39 **** Incremental Build of configuration Debug for project Main2 ****
make -j12 all 
arm-none-eabi-gcc "../Core/Src/main.c" -mcpu=cortex-m4 -std=gnu11 -g3 -DDEBUG -DUSE_HAL_DRIVER -DSTM32F429xx -c -I../Core/Inc -I../Drivers/STM32F4xx_HAL_Driver/Inc -I../Drivers/STM32F4xx_HAL_Driver/Inc/Legacy -I../Drivers/CMSIS/Device/ST/STM32F4xx/Include -I../Drivers/CMSIS/Include -O0 -ffunction-sections -fdata-sections -Wall -fstack-usage -fcyclomatic-complexity -MMD -MP -MF"Core/Src/main.d" -MT"Core/Src/main.o" --specs=nano.specs -mfpu=fpv4-sp-d16 -mfloat-abi=hard -mthumb -o "Core/Src/main.o"
arm-none-eabi-gcc -o "Main2.elf" @"objects.list"   -mcpu=cortex-m4 -T"C:\Users\choua\STM32CubeIDE\AutoBookshelf\Main2\STM32F429ZITX_FLASH.ld" --specs=nosys.specs -Wl,-Map="Main2.map" -Wl,--gc-sections -static --specs=nano.specs -mfpu=fpv4-sp-d16 -mfloat-abi=hard -mthumb -Wl,--start-group -lc -lm -Wl,--end-group
Finished building target: Main2.elf
 
arm-none-eabi-size  Main2.elf 
arm-none-eabi-objdump -h -S Main2.elf  > "Main2.list"
   text	   data	    bss	    dec	    hex	filename
  27860	     32	   4072	  31964	   7cdc	Main2.elf
Finished building: default.size.stdout
 
Finished building: Main2.list
 
11:19:31 **** Incremental Build of configuration Debug for project Main2 ****
make -j12 all 
arm-none-eabi-gcc "../Core/Src/main.c" -mcpu=cortex-m4 -std=gnu11 -g3 -DDEBUG -DUSE_HAL_DRIVER -DSTM32F429xx -c -I../Core/Inc -I../Drivers/STM32F4xx_HAL_Driver/Inc -I../Drivers/STM32F4xx_HAL_Driver/Inc/Legacy -I../Drivers/CMSIS/Device/ST/STM32F4xx/Include -I../Drivers/CMSIS/Include -O0 -ffunction-sections -fdata-sections -Wall -fstack-usage -fcyclomatic-complexity -MMD -MP -MF"Core/Src/main.d" -MT"Core/Src/main.o" --specs=nano.specs -mfpu=fpv4-sp-d16 -mfloat-abi=hard -mthumb -o "Core/Src/main.o"
arm-none-eabi-gcc -o "Main2.elf" @"objects.list"   -mcpu=cortex-m4 -T"C:\Users\choua\STM32CubeIDE\AutoBookshelf\Main2\STM32F429ZITX_FLASH.ld" --specs=nosys.specs -Wl,-Map="Main2.map" -Wl,--gc-sections -static --specs=nano.specs -mfpu=fpv4-sp-d16 -mfloat-abi=hard -mthumb -Wl,--start-group -lc -lm -Wl,--end-group
Finished building target: Main2.elf
 
arm-none-eabi-size  Main2.elf 
arm-none-eabi-objdump -h -S Main2.elf  > "Main2.list"
   text	   data	    bss	    dec	    hex	filename
  27856	     32	   4072	  31960	   7cd8	Main2.elf
Finished building: default.size.stdout
 
Finished building: Main2.list
 
11:23:54 **** Incremental Build of configuration Debug for project Main2 ****
make -j12 all 
arm-none-eabi-gcc "../Core/Src/main.c" -mcpu=cortex-m4 -std=gnu11 -g3 -DDEBUG -DUSE_HAL_DRIVER -DSTM32F429xx -c -I../Core/Inc -I../Drivers/STM32F4xx_HAL_Driver/Inc -I../Drivers/STM32F4xx_HAL_Driver/Inc/Legacy -I../Drivers/CMSIS/Device/ST/STM32F4xx/Include -I../Drivers/CMSIS/Include -O0 -ffunction-sections -fdata-sections -Wall -fstack-usage -fcyclomatic-complexity -MMD -MP -MF"Core/Src/main.d" -MT"Core/Src/main.o" --specs=nano.specs -mfpu=fpv4-sp-d16 -mfloat-abi=hard -mthumb -o "Core/Src/main.o"
arm-none-eabi-gcc -o "Main2.elf" @"objects.list"   -mcpu=cortex-m4 -T"C:\Users\choua\STM32CubeIDE\AutoBookshelf\Main2\STM32F429ZITX_FLASH.ld" --specs=nosys.specs -Wl,-Map="Main2.map" -Wl,--gc-sections -static --specs=nano.specs -mfpu=fpv4-sp-d16 -mfloat-abi=hard -mthumb -Wl,--start-group -lc -lm -Wl,--end-group
Finished building target: Main2.elf
 
arm-none-eabi-size  Main2.elf 
arm-none-eabi-objdump -h -S Main2.elf  > "Main2.list"
   text	   data	    bss	    dec	    hex	filename
  27860	     32	   4072	  31964	   7cdc	Main2.elf
Finished building: default.size.stdout
 
Finished building: Main2.list
 
11:26:20 **** Incremental Build of configuration Debug for project Main2 ****
make -j12 all 
arm-none-eabi-gcc "../Core/Src/main.c" -mcpu=cortex-m4 -std=gnu11 -g3 -DDEBUG -DUSE_HAL_DRIVER -DSTM32F429xx -c -I../Core/Inc -I../Drivers/STM32F4xx_HAL_Driver/Inc -I../Drivers/STM32F4xx_HAL_Driver/Inc/Legacy -I../Drivers/CMSIS/Device/ST/STM32F4xx/Include -I../Drivers/CMSIS/Include -O0 -ffunction-sections -fdata-sections -Wall -fstack-usage -fcyclomatic-complexity -MMD -MP -MF"Core/Src/main.d" -MT"Core/Src/main.o" --specs=nano.specs -mfpu=fpv4-sp-d16 -mfloat-abi=hard -mthumb -o "Core/Src/main.o"
arm-none-eabi-gcc "../Core/Src/stm32f4xx_hal_msp.c" -mcpu=cortex-m4 -std=gnu11 -g3 -DDEBUG -DUSE_HAL_DRIVER -DSTM32F429xx -c -I../Core/Inc -I../Drivers/STM32F4xx_HAL_Driver/Inc -I../Drivers/STM32F4xx_HAL_Driver/Inc/Legacy -I../Drivers/CMSIS/Device/ST/STM32F4xx/Include -I../Drivers/CMSIS/Include -O0 -ffunction-sections -fdata-sections -Wall -fstack-usage -fcyclomatic-complexity -MMD -MP -MF"Core/Src/stm32f4xx_hal_msp.d" -MT"Core/Src/stm32f4xx_hal_msp.o" --specs=nano.specs -mfpu=fpv4-sp-d16 -mfloat-abi=hard -mthumb -o "Core/Src/stm32f4xx_hal_msp.o"
arm-none-eabi-gcc -o "Main2.elf" @"objects.list"   -mcpu=cortex-m4 -T"C:\Users\choua\STM32CubeIDE\AutoBookshelf\Main2\STM32F429ZITX_FLASH.ld" --specs=nosys.specs -Wl,-Map="Main2.map" -Wl,--gc-sections -static --specs=nano.specs -mfpu=fpv4-sp-d16 -mfloat-abi=hard -mthumb -Wl,--start-group -lc -lm -Wl,--end-group
Finished building target: Main2.elf
 
arm-none-eabi-size  Main2.elf 
arm-none-eabi-objdump -h -S Main2.elf  > "Main2.list"
   text	   data	    bss	    dec	    hex	filename
  27856	     32	   4072	  31960	   7cd8	Main2.elf
Finished building: default.size.stdout
 
Finished building: Main2.list
 
11:28:48 **** Incremental Build of configuration Debug for project Main2 ****
make -j12 all 
arm-none-eabi-gcc "../Core/Src/main.c" -mcpu=cortex-m4 -std=gnu11 -g3 -DDEBUG -DUSE_HAL_DRIVER -DSTM32F429xx -c -I../Core/Inc -I../Drivers/STM32F4xx_HAL_Driver/Inc -I../Drivers/STM32F4xx_HAL_Driver/Inc/Legacy -I../Drivers/CMSIS/Device/ST/STM32F4xx/Include -I../Drivers/CMSIS/Include -O0 -ffunction-sections -fdata-sections -Wall -fstack-usage -fcyclomatic-complexity -MMD -MP -MF"Core/Src/main.d" -MT"Core/Src/main.o" --specs=nano.specs -mfpu=fpv4-sp-d16 -mfloat-abi=hard -mthumb -o "Core/Src/main.o"
arm-none-eabi-gcc -o "Main2.elf" @"objects.list"   -mcpu=cortex-m4 -T"C:\Users\choua\STM32CubeIDE\AutoBookshelf\Main2\STM32F429ZITX_FLASH.ld" --specs=nosys.specs -Wl,-Map="Main2.map" -Wl,--gc-sections -static --specs=nano.specs -mfpu=fpv4-sp-d16 -mfloat-abi=hard -mthumb -Wl,--start-group -lc -lm -Wl,--end-group
Finished building target: Main2.elf
 
arm-none-eabi-size  Main2.elf 
arm-none-eabi-objdump -h -S Main2.elf  > "Main2.list"
   text	   data	    bss	    dec	    hex	filename
  27856	     32	   4072	  31960	   7cd8	Main2.elf
Finished building: default.size.stdout
 
Finished building: Main2.list
 
11:29:39 **** Incremental Build of configuration Debug for project Main2 ****
make -j12 all 
arm-none-eabi-gcc "../Core/Src/main.c" -mcpu=cortex-m4 -std=gnu11 -g3 -DDEBUG -DUSE_HAL_DRIVER -DSTM32F429xx -c -I../Core/Inc -I../Drivers/STM32F4xx_HAL_Driver/Inc -I../Drivers/STM32F4xx_HAL_Driver/Inc/Legacy -I../Drivers/CMSIS/Device/ST/STM32F4xx/Include -I../Drivers/CMSIS/Include -O0 -ffunction-sections -fdata-sections -Wall -fstack-usage -fcyclomatic-complexity -MMD -MP -MF"Core/Src/main.d" -MT"Core/Src/main.o" --specs=nano.specs -mfpu=fpv4-sp-d16 -mfloat-abi=hard -mthumb -o "Core/Src/main.o"
arm-none-eabi-gcc -o "Main2.elf" @"objects.list"   -mcpu=cortex-m4 -T"C:\Users\choua\STM32CubeIDE\AutoBookshelf\Main2\STM32F429ZITX_FLASH.ld" --specs=nosys.specs -Wl,-Map="Main2.map" -Wl,--gc-sections -static --specs=nano.specs -mfpu=fpv4-sp-d16 -mfloat-abi=hard -mthumb -Wl,--start-group -lc -lm -Wl,--end-group
Finished building target: Main2.elf
 
arm-none-eabi-size  Main2.elf 
arm-none-eabi-objdump -h -S Main2.elf  > "Main2.list"
   text	   data	    bss	    dec	    hex	filename
  27860	     32	   4072	  31964	   7cdc	Main2.elf
Finished building: default.size.stdout
 
Finished building: Main2.list
 
11:30:33 **** Incremental Build of configuration Debug for project Main2 ****
make -j12 all 
arm-none-eabi-gcc "../Core/Src/main.c" -mcpu=cortex-m4 -std=gnu11 -g3 -DDEBUG -DUSE_HAL_DRIVER -DSTM32F429xx -c -I../Core/Inc -I../Drivers/STM32F4xx_HAL_Driver/Inc -I../Drivers/STM32F4xx_HAL_Driver/Inc/Legacy -I../Drivers/CMSIS/Device/ST/STM32F4xx/Include -I../Drivers/CMSIS/Include -O0 -ffunction-sections -fdata-sections -Wall -fstack-usage -fcyclomatic-complexity -MMD -MP -MF"Core/Src/main.d" -MT"Core/Src/main.o" --specs=nano.specs -mfpu=fpv4-sp-d16 -mfloat-abi=hard -mthumb -o "Core/Src/main.o"
arm-none-eabi-gcc -o "Main2.elf" @"objects.list"   -mcpu=cortex-m4 -T"C:\Users\choua\STM32CubeIDE\AutoBookshelf\Main2\STM32F429ZITX_FLASH.ld" --specs=nosys.specs -Wl,-Map="Main2.map" -Wl,--gc-sections -static --specs=nano.specs -mfpu=fpv4-sp-d16 -mfloat-abi=hard -mthumb -Wl,--start-group -lc -lm -Wl,--end-group
Finished building target: Main2.elf
 
arm-none-eabi-size  Main2.elf 
arm-none-eabi-objdump -h -S Main2.elf  > "Main2.list"
   text	   data	    bss	    dec	    hex	filename
  27860	     32	   4072	  31964	   7cdc	Main2.elf
Finished building: default.size.stdout
 
Finished building: Main2.list
 
11:31:34 **** Incremental Build of configuration Debug for project Main2 ****
make -j12 all 
arm-none-eabi-gcc "../Core/Src/main.c" -mcpu=cortex-m4 -std=gnu11 -g3 -DDEBUG -DUSE_HAL_DRIVER -DSTM32F429xx -c -I../Core/Inc -I../Drivers/STM32F4xx_HAL_Driver/Inc -I../Drivers/STM32F4xx_HAL_Driver/Inc/Legacy -I../Drivers/CMSIS/Device/ST/STM32F4xx/Include -I../Drivers/CMSIS/Include -O0 -ffunction-sections -fdata-sections -Wall -fstack-usage -fcyclomatic-complexity -MMD -MP -MF"Core/Src/main.d" -MT"Core/Src/main.o" --specs=nano.specs -mfpu=fpv4-sp-d16 -mfloat-abi=hard -mthumb -o "Core/Src/main.o"
arm-none-eabi-gcc -o "Main2.elf" @"objects.list"   -mcpu=cortex-m4 -T"C:\Users\choua\STM32CubeIDE\AutoBookshelf\Main2\STM32F429ZITX_FLASH.ld" --specs=nosys.specs -Wl,-Map="Main2.map" -Wl,--gc-sections -static --specs=nano.specs -mfpu=fpv4-sp-d16 -mfloat-abi=hard -mthumb -Wl,--start-group -lc -lm -Wl,--end-group
Finished building target: Main2.elf
 
arm-none-eabi-size  Main2.elf 
arm-none-eabi-objdump -h -S Main2.elf  > "Main2.list"
   text	   data	    bss	    dec	    hex	filename
  27860	     32	   4072	  31964	   7cdc	Main2.elf
Finished building: default.size.stdout
 
Finished building: Main2.list
 
11:32:20 **** Incremental Build of configuration Debug for project Main2 ****
make -j12 all 
arm-none-eabi-gcc "../Core/Src/main.c" -mcpu=cortex-m4 -std=gnu11 -g3 -DDEBUG -DUSE_HAL_DRIVER -DSTM32F429xx -c -I../Core/Inc -I../Drivers/STM32F4xx_HAL_Driver/Inc -I../Drivers/STM32F4xx_HAL_Driver/Inc/Legacy -I../Drivers/CMSIS/Device/ST/STM32F4xx/Include -I../Drivers/CMSIS/Include -O0 -ffunction-sections -fdata-sections -Wall -fstack-usage -fcyclomatic-complexity -MMD -MP -MF"Core/Src/main.d" -MT"Core/Src/main.o" --specs=nano.specs -mfpu=fpv4-sp-d16 -mfloat-abi=hard -mthumb -o "Core/Src/main.o"
arm-none-eabi-gcc -o "Main2.elf" @"objects.list"   -mcpu=cortex-m4 -T"C:\Users\choua\STM32CubeIDE\AutoBookshelf\Main2\STM32F429ZITX_FLASH.ld" --specs=nosys.specs -Wl,-Map="Main2.map" -Wl,--gc-sections -static --specs=nano.specs -mfpu=fpv4-sp-d16 -mfloat-abi=hard -mthumb -Wl,--start-group -lc -lm -Wl,--end-group
Finished building target: Main2.elf
 
arm-none-eabi-size  Main2.elf 
arm-none-eabi-objdump -h -S Main2.elf  > "Main2.list"
   text	   data	    bss	    dec	    hex	filename
  27856	     32	   4072	  31960	   7cd8	Main2.elf
Finished building: default.size.stdout
 
Finished building: Main2.list
 
11:34:21 **** Incremental Build of configuration Debug for project Main2 ****
make -j12 all 
arm-none-eabi-gcc "../Core/Src/main.c" -mcpu=cortex-m4 -std=gnu11 -g3 -DDEBUG -DUSE_HAL_DRIVER -DSTM32F429xx -c -I../Core/Inc -I../Drivers/STM32F4xx_HAL_Driver/Inc -I../Drivers/STM32F4xx_HAL_Driver/Inc/Legacy -I../Drivers/CMSIS/Device/ST/STM32F4xx/Include -I../Drivers/CMSIS/Include -O0 -ffunction-sections -fdata-sections -Wall -fstack-usage -fcyclomatic-complexity -MMD -MP -MF"Core/Src/main.d" -MT"Core/Src/main.o" --specs=nano.specs -mfpu=fpv4-sp-d16 -mfloat-abi=hard -mthumb -o "Core/Src/main.o"
arm-none-eabi-gcc -o "Main2.elf" @"objects.list"   -mcpu=cortex-m4 -T"C:\Users\choua\STM32CubeIDE\AutoBookshelf\Main2\STM32F429ZITX_FLASH.ld" --specs=nosys.specs -Wl,-Map="Main2.map" -Wl,--gc-sections -static --specs=nano.specs -mfpu=fpv4-sp-d16 -mfloat-abi=hard -mthumb -Wl,--start-group -lc -lm -Wl,--end-group
Finished building target: Main2.elf
 
arm-none-eabi-size  Main2.elf 
arm-none-eabi-objdump -h -S Main2.elf  > "Main2.list"
   text	   data	    bss	    dec	    hex	filename
  27856	     32	   4072	  31960	   7cd8	Main2.elf
Finished building: default.size.stdout
 
Finished building: Main2.list
 
11:35:40 **** Incremental Build of configuration Debug for project Main2 ****
make -j12 all 
arm-none-eabi-gcc "../Core/Src/main.c" -mcpu=cortex-m4 -std=gnu11 -g3 -DDEBUG -DUSE_HAL_DRIVER -DSTM32F429xx -c -I../Core/Inc -I../Drivers/STM32F4xx_HAL_Driver/Inc -I../Drivers/STM32F4xx_HAL_Driver/Inc/Legacy -I../Drivers/CMSIS/Device/ST/STM32F4xx/Include -I../Drivers/CMSIS/Include -O0 -ffunction-sections -fdata-sections -Wall -fstack-usage -fcyclomatic-complexity -MMD -MP -MF"Core/Src/main.d" -MT"Core/Src/main.o" --specs=nano.specs -mfpu=fpv4-sp-d16 -mfloat-abi=hard -mthumb -o "Core/Src/main.o"
arm-none-eabi-gcc -o "Main2.elf" @"objects.list"   -mcpu=cortex-m4 -T"C:\Users\choua\STM32CubeIDE\AutoBookshelf\Main2\STM32F429ZITX_FLASH.ld" --specs=nosys.specs -Wl,-Map="Main2.map" -Wl,--gc-sections -static --specs=nano.specs -mfpu=fpv4-sp-d16 -mfloat-abi=hard -mthumb -Wl,--start-group -lc -lm -Wl,--end-group
Finished building target: Main2.elf
 
arm-none-eabi-size  Main2.elf 
arm-none-eabi-objdump -h -S Main2.elf  > "Main2.list"
   text	   data	    bss	    dec	    hex	filename
  27856	     32	   4072	  31960	   7cd8	Main2.elf
Finished building: default.size.stdout
 
Finished building: Main2.list
 
11:42:10 **** Incremental Build of configuration Debug for project Main2 ****
make -j12 all 
arm-none-eabi-gcc "../Core/Src/main.c" -mcpu=cortex-m4 -std=gnu11 -g3 -DDEBUG -DUSE_HAL_DRIVER -DSTM32F429xx -c -I../Core/Inc -I../Drivers/STM32F4xx_HAL_Driver/Inc -I../Drivers/STM32F4xx_HAL_Driver/Inc/Legacy -I../Drivers/CMSIS/Device/ST/STM32F4xx/Include -I../Drivers/CMSIS/Include -O0 -ffunction-sections -fdata-sections -Wall -fstack-usage -fcyclomatic-complexity -MMD -MP -MF"Core/Src/main.d" -MT"Core/Src/main.o" --specs=nano.specs -mfpu=fpv4-sp-d16 -mfloat-abi=hard -mthumb -o "Core/Src/main.o"
arm-none-eabi-gcc -o "Main2.elf" @"objects.list"   -mcpu=cortex-m4 -T"C:\Users\choua\STM32CubeIDE\AutoBookshelf\Main2\STM32F429ZITX_FLASH.ld" --specs=nosys.specs -Wl,-Map="Main2.map" -Wl,--gc-sections -static --specs=nano.specs -mfpu=fpv4-sp-d16 -mfloat-abi=hard -mthumb -Wl,--start-group -lc -lm -Wl,--end-group
Finished building target: Main2.elf
 
arm-none-eabi-size  Main2.elf 
arm-none-eabi-objdump -h -S Main2.elf  > "Main2.list"
   text	   data	    bss	    dec	    hex	filename
  27856	     32	   4072	  31960	   7cd8	Main2.elf
Finished building: default.size.stdout
 
Finished building: Main2.list
 
11:44:07 **** Incremental Build of configuration Debug for project Main2 ****
make -j12 all 
arm-none-eabi-gcc "../Core/Src/main.c" -mcpu=cortex-m4 -std=gnu11 -g3 -DDEBUG -DUSE_HAL_DRIVER -DSTM32F429xx -c -I../Core/Inc -I../Drivers/STM32F4xx_HAL_Driver/Inc -I../Drivers/STM32F4xx_HAL_Driver/Inc/Legacy -I../Drivers/CMSIS/Device/ST/STM32F4xx/Include -I../Drivers/CMSIS/Include -O0 -ffunction-sections -fdata-sections -Wall -fstack-usage -fcyclomatic-complexity -MMD -MP -MF"Core/Src/main.d" -MT"Core/Src/main.o" --specs=nano.specs -mfpu=fpv4-sp-d16 -mfloat-abi=hard -mthumb -o "Core/Src/main.o"
arm-none-eabi-gcc -o "Main2.elf" @"objects.list"   -mcpu=cortex-m4 -T"C:\Users\choua\STM32CubeIDE\AutoBookshelf\Main2\STM32F429ZITX_FLASH.ld" --specs=nosys.specs -Wl,-Map="Main2.map" -Wl,--gc-sections -static --specs=nano.specs -mfpu=fpv4-sp-d16 -mfloat-abi=hard -mthumb -Wl,--start-group -lc -lm -Wl,--end-group
Finished building target: Main2.elf
 
arm-none-eabi-size  Main2.elf 
arm-none-eabi-objdump -h -S Main2.elf  > "Main2.list"
   text	   data	    bss	    dec	    hex	filename
  27872	     32	   4072	  31976	   7ce8	Main2.elf
Finished building: default.size.stdout
 
Finished building: Main2.list
 
11:47:08 **** Incremental Build of configuration Debug for project Main2 ****
make -j12 all 
arm-none-eabi-gcc "../Core/Src/main.c" -mcpu=cortex-m4 -std=gnu11 -g3 -DDEBUG -DUSE_HAL_DRIVER -DSTM32F429xx -c -I../Core/Inc -I../Drivers/STM32F4xx_HAL_Driver/Inc -I../Drivers/STM32F4xx_HAL_Driver/Inc/Legacy -I../Drivers/CMSIS/Device/ST/STM32F4xx/Include -I../Drivers/CMSIS/Include -O0 -ffunction-sections -fdata-sections -Wall -fstack-usage -fcyclomatic-complexity -MMD -MP -MF"Core/Src/main.d" -MT"Core/Src/main.o" --specs=nano.specs -mfpu=fpv4-sp-d16 -mfloat-abi=hard -mthumb -o "Core/Src/main.o"
arm-none-eabi-gcc -o "Main2.elf" @"objects.list"   -mcpu=cortex-m4 -T"C:\Users\choua\STM32CubeIDE\AutoBookshelf\Main2\STM32F429ZITX_FLASH.ld" --specs=nosys.specs -Wl,-Map="Main2.map" -Wl,--gc-sections -static --specs=nano.specs -mfpu=fpv4-sp-d16 -mfloat-abi=hard -mthumb -Wl,--start-group -lc -lm -Wl,--end-group
Finished building target: Main2.elf
 
arm-none-eabi-size  Main2.elf 
arm-none-eabi-objdump -h -S Main2.elf  > "Main2.list"
   text	   data	    bss	    dec	    hex	filename
  27872	     32	   4072	  31976	   7ce8	Main2.elf
Finished building: default.size.stdout
 
Finished building: Main2.list
 
11:53:56 **** Incremental Build of configuration Debug for project Main2 ****
make -j12 all 
arm-none-eabi-gcc "../Core/Src/main.c" -mcpu=cortex-m4 -std=gnu11 -g3 -DDEBUG -DUSE_HAL_DRIVER -DSTM32F429xx -c -I../Core/Inc -I../Drivers/STM32F4xx_HAL_Driver/Inc -I../Drivers/STM32F4xx_HAL_Driver/Inc/Legacy -I../Drivers/CMSIS/Device/ST/STM32F4xx/Include -I../Drivers/CMSIS/Include -O0 -ffunction-sections -fdata-sections -Wall -fstack-usage -fcyclomatic-complexity -MMD -MP -MF"Core/Src/main.d" -MT"Core/Src/main.o" --specs=nano.specs -mfpu=fpv4-sp-d16 -mfloat-abi=hard -mthumb -o "Core/Src/main.o"
arm-none-eabi-gcc -o "Main2.elf" @"objects.list"   -mcpu=cortex-m4 -T"C:\Users\choua\STM32CubeIDE\AutoBookshelf\Main2\STM32F429ZITX_FLASH.ld" --specs=nosys.specs -Wl,-Map="Main2.map" -Wl,--gc-sections -static --specs=nano.specs -mfpu=fpv4-sp-d16 -mfloat-abi=hard -mthumb -Wl,--start-group -lc -lm -Wl,--end-group
Finished building target: Main2.elf
 
arm-none-eabi-size  Main2.elf 
arm-none-eabi-objdump -h -S Main2.elf  > "Main2.list"
   text	   data	    bss	    dec	    hex	filename
  27872	     32	   4072	  31976	   7ce8	Main2.elf
Finished building: default.size.stdout
 
Finished building: Main2.list
 
11:55:48 **** Incremental Build of configuration Debug for project Main2 ****
make -j12 all 
arm-none-eabi-gcc "../Core/Src/main.c" -mcpu=cortex-m4 -std=gnu11 -g3 -DDEBUG -DUSE_HAL_DRIVER -DSTM32F429xx -c -I../Core/Inc -I../Drivers/STM32F4xx_HAL_Driver/Inc -I../Drivers/STM32F4xx_HAL_Driver/Inc/Legacy -I../Drivers/CMSIS/Device/ST/STM32F4xx/Include -I../Drivers/CMSIS/Include -O0 -ffunction-sections -fdata-sections -Wall -fstack-usage -fcyclomatic-complexity -MMD -MP -MF"Core/Src/main.d" -MT"Core/Src/main.o" --specs=nano.specs -mfpu=fpv4-sp-d16 -mfloat-abi=hard -mthumb -o "Core/Src/main.o"
arm-none-eabi-gcc -o "Main2.elf" @"objects.list"   -mcpu=cortex-m4 -T"C:\Users\choua\STM32CubeIDE\AutoBookshelf\Main2\STM32F429ZITX_FLASH.ld" --specs=nosys.specs -Wl,-Map="Main2.map" -Wl,--gc-sections -static --specs=nano.specs -mfpu=fpv4-sp-d16 -mfloat-abi=hard -mthumb -Wl,--start-group -lc -lm -Wl,--end-group
Finished building target: Main2.elf
 
arm-none-eabi-size  Main2.elf 
arm-none-eabi-objdump -h -S Main2.elf  > "Main2.list"
   text	   data	    bss	    dec	    hex	filename
  27872	     32	   4072	  31976	   7ce8	Main2.elf
Finished building: default.size.stdout
 
Finished building: Main2.list
 
11:56:52 **** Incremental Build of configuration Debug for project Main2 ****
make -j12 all 
arm-none-eabi-gcc "../Core/Src/main.c" -mcpu=cortex-m4 -std=gnu11 -g3 -DDEBUG -DUSE_HAL_DRIVER -DSTM32F429xx -c -I../Core/Inc -I../Drivers/STM32F4xx_HAL_Driver/Inc -I../Drivers/STM32F4xx_HAL_Driver/Inc/Legacy -I../Drivers/CMSIS/Device/ST/STM32F4xx/Include -I../Drivers/CMSIS/Include -O0 -ffunction-sections -fdata-sections -Wall -fstack-usage -fcyclomatic-complexity -MMD -MP -MF"Core/Src/main.d" -MT"Core/Src/main.o" --specs=nano.specs -mfpu=fpv4-sp-d16 -mfloat-abi=hard -mthumb -o "Core/Src/main.o"
arm-none-eabi-gcc -o "Main2.elf" @"objects.list"   -mcpu=cortex-m4 -T"C:\Users\choua\STM32CubeIDE\AutoBookshelf\Main2\STM32F429ZITX_FLASH.ld" --specs=nosys.specs -Wl,-Map="Main2.map" -Wl,--gc-sections -static --specs=nano.specs -mfpu=fpv4-sp-d16 -mfloat-abi=hard -mthumb -Wl,--start-group -lc -lm -Wl,--end-group
Finished building target: Main2.elf
 
arm-none-eabi-size  Main2.elf 
arm-none-eabi-objdump -h -S Main2.elf  > "Main2.list"
   text	   data	    bss	    dec	    hex	filename
  27876	     32	   4072	  31980	   7cec	Main2.elf
Finished building: default.size.stdout
 
Finished building: Main2.list
 
11:57:54 **** Incremental Build of configuration Debug for project Main2 ****
make -j12 all 
arm-none-eabi-gcc "../Core/Src/main.c" -mcpu=cortex-m4 -std=gnu11 -g3 -DDEBUG -DUSE_HAL_DRIVER -DSTM32F429xx -c -I../Core/Inc -I../Drivers/STM32F4xx_HAL_Driver/Inc -I../Drivers/STM32F4xx_HAL_Driver/Inc/Legacy -I../Drivers/CMSIS/Device/ST/STM32F4xx/Include -I../Drivers/CMSIS/Include -O0 -ffunction-sections -fdata-sections -Wall -fstack-usage -fcyclomatic-complexity -MMD -MP -MF"Core/Src/main.d" -MT"Core/Src/main.o" --specs=nano.specs -mfpu=fpv4-sp-d16 -mfloat-abi=hard -mthumb -o "Core/Src/main.o"
arm-none-eabi-gcc -o "Main2.elf" @"objects.list"   -mcpu=cortex-m4 -T"C:\Users\choua\STM32CubeIDE\AutoBookshelf\Main2\STM32F429ZITX_FLASH.ld" --specs=nosys.specs -Wl,-Map="Main2.map" -Wl,--gc-sections -static --specs=nano.specs -mfpu=fpv4-sp-d16 -mfloat-abi=hard -mthumb -Wl,--start-group -lc -lm -Wl,--end-group
Finished building target: Main2.elf
 
arm-none-eabi-size  Main2.elf 
arm-none-eabi-objdump -h -S Main2.elf  > "Main2.list"
   text	   data	    bss	    dec	    hex	filename
  27876	     32	   4072	  31980	   7cec	Main2.elf
Finished building: default.size.stdout
 
Finished building: Main2.list
 
12:01:04 **** Incremental Build of configuration Debug for project Main2 ****
make -j12 all 
arm-none-eabi-gcc "../Core/Src/main.c" -mcpu=cortex-m4 -std=gnu11 -g3 -DDEBUG -DUSE_HAL_DRIVER -DSTM32F429xx -c -I../Core/Inc -I../Drivers/STM32F4xx_HAL_Driver/Inc -I../Drivers/STM32F4xx_HAL_Driver/Inc/Legacy -I../Drivers/CMSIS/Device/ST/STM32F4xx/Include -I../Drivers/CMSIS/Include -O0 -ffunction-sections -fdata-sections -Wall -fstack-usage -fcyclomatic-complexity -MMD -MP -MF"Core/Src/main.d" -MT"Core/Src/main.o" --specs=nano.specs -mfpu=fpv4-sp-d16 -mfloat-abi=hard -mthumb -o "Core/Src/main.o"
arm-none-eabi-gcc -o "Main2.elf" @"objects.list"   -mcpu=cortex-m4 -T"C:\Users\choua\STM32CubeIDE\AutoBookshelf\Main2\STM32F429ZITX_FLASH.ld" --specs=nosys.specs -Wl,-Map="Main2.map" -Wl,--gc-sections -static --specs=nano.specs -mfpu=fpv4-sp-d16 -mfloat-abi=hard -mthumb -Wl,--start-group -lc -lm -Wl,--end-group
Finished building target: Main2.elf
 
arm-none-eabi-size  Main2.elf 
arm-none-eabi-objdump -h -S Main2.elf  > "Main2.list"
   text	   data	    bss	    dec	    hex	filename
  27876	     32	   4072	  31980	   7cec	Main2.elf
Finished building: default.size.stdout
 
Finished building: Main2.list
 
12:04:17 **** Incremental Build of configuration Debug for project Main2 ****
make -j12 all 
arm-none-eabi-gcc "../Core/Src/main.c" -mcpu=cortex-m4 -std=gnu11 -g3 -DDEBUG -DUSE_HAL_DRIVER -DSTM32F429xx -c -I../Core/Inc -I../Drivers/STM32F4xx_HAL_Driver/Inc -I../Drivers/STM32F4xx_HAL_Driver/Inc/Legacy -I../Drivers/CMSIS/Device/ST/STM32F4xx/Include -I../Drivers/CMSIS/Include -O0 -ffunction-sections -fdata-sections -Wall -fstack-usage -fcyclomatic-complexity -MMD -MP -MF"Core/Src/main.d" -MT"Core/Src/main.o" --specs=nano.specs -mfpu=fpv4-sp-d16 -mfloat-abi=hard -mthumb -o "Core/Src/main.o"
arm-none-eabi-gcc -o "Main2.elf" @"objects.list"   -mcpu=cortex-m4 -T"C:\Users\choua\STM32CubeIDE\AutoBookshelf\Main2\STM32F429ZITX_FLASH.ld" --specs=nosys.specs -Wl,-Map="Main2.map" -Wl,--gc-sections -static --specs=nano.specs -mfpu=fpv4-sp-d16 -mfloat-abi=hard -mthumb -Wl,--start-group -lc -lm -Wl,--end-group
Finished building target: Main2.elf
 
arm-none-eabi-size  Main2.elf 
arm-none-eabi-objdump -h -S Main2.elf  > "Main2.list"
   text	   data	    bss	    dec	    hex	filename
  27876	     32	   4072	  31980	   7cec	Main2.elf
Finished building: default.size.stdout
 
Finished building: Main2.list
 
12:05:29 **** Incremental Build of configuration Debug for project Main2 ****
make -j12 all 
arm-none-eabi-gcc "../Core/Src/main.c" -mcpu=cortex-m4 -std=gnu11 -g3 -DDEBUG -DUSE_HAL_DRIVER -DSTM32F429xx -c -I../Core/Inc -I../Drivers/STM32F4xx_HAL_Driver/Inc -I../Drivers/STM32F4xx_HAL_Driver/Inc/Legacy -I../Drivers/CMSIS/Device/ST/STM32F4xx/Include -I../Drivers/CMSIS/Include -O0 -ffunction-sections -fdata-sections -Wall -fstack-usage -fcyclomatic-complexity -MMD -MP -MF"Core/Src/main.d" -MT"Core/Src/main.o" --specs=nano.specs -mfpu=fpv4-sp-d16 -mfloat-abi=hard -mthumb -o "Core/Src/main.o"
arm-none-eabi-gcc -o "Main2.elf" @"objects.list"   -mcpu=cortex-m4 -T"C:\Users\choua\STM32CubeIDE\AutoBookshelf\Main2\STM32F429ZITX_FLASH.ld" --specs=nosys.specs -Wl,-Map="Main2.map" -Wl,--gc-sections -static --specs=nano.specs -mfpu=fpv4-sp-d16 -mfloat-abi=hard -mthumb -Wl,--start-group -lc -lm -Wl,--end-group
Finished building target: Main2.elf
 
arm-none-eabi-size  Main2.elf 
arm-none-eabi-objdump -h -S Main2.elf  > "Main2.list"
   text	   data	    bss	    dec	    hex	filename
  27872	     32	   4072	  31976	   7ce8	Main2.elf
Finished building: default.size.stdout
 
Finished building: Main2.list
 
12:10:58 **** Incremental Build of configuration Debug for project Main2 ****
make -j12 all 
arm-none-eabi-gcc "../Core/Src/main.c" -mcpu=cortex-m4 -std=gnu11 -g3 -DDEBUG -DUSE_HAL_DRIVER -DSTM32F429xx -c -I../Core/Inc -I../Drivers/STM32F4xx_HAL_Driver/Inc -I../Drivers/STM32F4xx_HAL_Driver/Inc/Legacy -I../Drivers/CMSIS/Device/ST/STM32F4xx/Include -I../Drivers/CMSIS/Include -O0 -ffunction-sections -fdata-sections -Wall -fstack-usage -fcyclomatic-complexity -MMD -MP -MF"Core/Src/main.d" -MT"Core/Src/main.o" --specs=nano.specs -mfpu=fpv4-sp-d16 -mfloat-abi=hard -mthumb -o "Core/Src/main.o"
arm-none-eabi-gcc -o "Main2.elf" @"objects.list"   -mcpu=cortex-m4 -T"C:\Users\choua\STM32CubeIDE\AutoBookshelf\Main2\STM32F429ZITX_FLASH.ld" --specs=nosys.specs -Wl,-Map="Main2.map" -Wl,--gc-sections -static --specs=nano.specs -mfpu=fpv4-sp-d16 -mfloat-abi=hard -mthumb -Wl,--start-group -lc -lm -Wl,--end-group
Finished building target: Main2.elf
 
arm-none-eabi-size  Main2.elf 
arm-none-eabi-objdump -h -S Main2.elf  > "Main2.list"
   text	   data	    bss	    dec	    hex	filename
  27872	     32	   4072	  31976	   7ce8	Main2.elf
Finished building: default.size.stdout
 
Finished building: Main2.list
 
12:37:25 **** Incremental Build of configuration Debug for project Main2 ****
make -j12 all 
arm-none-eabi-gcc "../Core/Src/main.c" -mcpu=cortex-m4 -std=gnu11 -g3 -DDEBUG -DUSE_HAL_DRIVER -DSTM32F429xx -c -I../Core/Inc -I../Drivers/STM32F4xx_HAL_Driver/Inc -I../Drivers/STM32F4xx_HAL_Driver/Inc/Legacy -I../Drivers/CMSIS/Device/ST/STM32F4xx/Include -I../Drivers/CMSIS/Include -O0 -ffunction-sections -fdata-sections -Wall -fstack-usage -fcyclomatic-complexity -MMD -MP -MF"Core/Src/main.d" -MT"Core/Src/main.o" --specs=nano.specs -mfpu=fpv4-sp-d16 -mfloat-abi=hard -mthumb -o "Core/Src/main.o"
arm-none-eabi-gcc -o "Main2.elf" @"objects.list"   -mcpu=cortex-m4 -T"C:\Users\choua\STM32CubeIDE\AutoBookshelf\Main2\STM32F429ZITX_FLASH.ld" --specs=nosys.specs -Wl,-Map="Main2.map" -Wl,--gc-sections -static --specs=nano.specs -mfpu=fpv4-sp-d16 -mfloat-abi=hard -mthumb -Wl,--start-group -lc -lm -Wl,--end-group
Finished building target: Main2.elf
 
arm-none-eabi-size  Main2.elf 
arm-none-eabi-objdump -h -S Main2.elf  > "Main2.list"
   text	   data	    bss	    dec	    hex	filename
  27808	     32	   4072	  31912	   7ca8	Main2.elf
Finished building: default.size.stdout
 
Finished building: Main2.list
 
12:47:09 **** Incremental Build of configuration Debug for project Main2 ****
make -j12 all 
arm-none-eabi-gcc "../Core/Src/main.c" -mcpu=cortex-m4 -std=gnu11 -g3 -DDEBUG -DUSE_HAL_DRIVER -DSTM32F429xx -c -I../Core/Inc -I../Drivers/STM32F4xx_HAL_Driver/Inc -I../Drivers/STM32F4xx_HAL_Driver/Inc/Legacy -I../Drivers/CMSIS/Device/ST/STM32F4xx/Include -I../Drivers/CMSIS/Include -O0 -ffunction-sections -fdata-sections -Wall -fstack-usage -fcyclomatic-complexity -MMD -MP -MF"Core/Src/main.d" -MT"Core/Src/main.o" --specs=nano.specs -mfpu=fpv4-sp-d16 -mfloat-abi=hard -mthumb -o "Core/Src/main.o"
arm-none-eabi-gcc -o "Main2.elf" @"objects.list"   -mcpu=cortex-m4 -T"C:\Users\choua\STM32CubeIDE\AutoBookshelf\Main2\STM32F429ZITX_FLASH.ld" --specs=nosys.specs -Wl,-Map="Main2.map" -Wl,--gc-sections -static --specs=nano.specs -mfpu=fpv4-sp-d16 -mfloat-abi=hard -mthumb -Wl,--start-group -lc -lm -Wl,--end-group
Finished building target: Main2.elf
 
arm-none-eabi-size  Main2.elf 
arm-none-eabi-objdump -h -S Main2.elf  > "Main2.list"
   text	   data	    bss	    dec	    hex	filename
  27908	     32	   4072	  32012	   7d0c	Main2.elf
Finished building: default.size.stdout
 
Finished building: Main2.list
 
13:35:55 **** Incremental Build of configuration Debug for project Main2 ****
make -j12 all 
arm-none-eabi-gcc "../Core/Src/main.c" -mcpu=cortex-m4 -std=gnu11 -g3 -DDEBUG -DUSE_HAL_DRIVER -DSTM32F429xx -c -I../Core/Inc -I../Drivers/STM32F4xx_HAL_Driver/Inc -I../Drivers/STM32F4xx_HAL_Driver/Inc/Legacy -I../Drivers/CMSIS/Device/ST/STM32F4xx/Include -I../Drivers/CMSIS/Include -O0 -ffunction-sections -fdata-sections -Wall -fstack-usage -fcyclomatic-complexity -MMD -MP -MF"Core/Src/main.d" -MT"Core/Src/main.o" --specs=nano.specs -mfpu=fpv4-sp-d16 -mfloat-abi=hard -mthumb -o "Core/Src/main.o"
arm-none-eabi-gcc -o "Main2.elf" @"objects.list"   -mcpu=cortex-m4 -T"C:\Users\choua\STM32CubeIDE\AutoBookshelf\Main2\STM32F429ZITX_FLASH.ld" --specs=nosys.specs -Wl,-Map="Main2.map" -Wl,--gc-sections -static --specs=nano.specs -mfpu=fpv4-sp-d16 -mfloat-abi=hard -mthumb -Wl,--start-group -lc -lm -Wl,--end-group
Finished building target: Main2.elf
 
arm-none-eabi-size  Main2.elf 
arm-none-eabi-objdump -h -S Main2.elf  > "Main2.list"
   text	   data	    bss	    dec	    hex	filename
  27924	     32	   4072	  32028	   7d1c	Main2.elf
Finished building: default.size.stdout
 
Finished building: Main2.list
 
14:14:12 **** Incremental Build of configuration Debug for project Main2 ****
make -j12 all 
arm-none-eabi-gcc "../Core/Src/main.c" -mcpu=cortex-m4 -std=gnu11 -g3 -DDEBUG -DUSE_HAL_DRIVER -DSTM32F429xx -c -I../Core/Inc -I../Drivers/STM32F4xx_HAL_Driver/Inc -I../Drivers/STM32F4xx_HAL_Driver/Inc/Legacy -I../Drivers/CMSIS/Device/ST/STM32F4xx/Include -I../Drivers/CMSIS/Include -O0 -ffunction-sections -fdata-sections -Wall -fstack-usage -fcyclomatic-complexity -MMD -MP -MF"Core/Src/main.d" -MT"Core/Src/main.o" --specs=nano.specs -mfpu=fpv4-sp-d16 -mfloat-abi=hard -mthumb -o "Core/Src/main.o"
../Core/Src/main.c: In function 'Stepper_Rotate_Cplt_CB':
../Core/Src/main.c:656:33: error: 'diff_cnt' undeclared (first use in this function)
  656 |                 Stepper_Rotate((diff_cnt*NUM_OF_STEPS_PER_CYCLE)/NUM_OF_CNT_PER_CYCLE);
      |                                 ^~~~~~~~
../Core/Src/main.c:656:33: note: each undeclared identifier is reported only once for each function it appears in
make: *** [Core/Src/subdir.mk:34: Core/Src/main.o] Error 1
"make -j12 all" terminated with exit code 2. Build might be incomplete.
14:14:36 **** Incremental Build of configuration Debug for project Main2 ****
make -j12 all 
arm-none-eabi-gcc "../Core/Src/main.c" -mcpu=cortex-m4 -std=gnu11 -g3 -DDEBUG -DUSE_HAL_DRIVER -DSTM32F429xx -c -I../Core/Inc -I../Drivers/STM32F4xx_HAL_Driver/Inc -I../Drivers/STM32F4xx_HAL_Driver/Inc/Legacy -I../Drivers/CMSIS/Device/ST/STM32F4xx/Include -I../Drivers/CMSIS/Include -O0 -ffunction-sections -fdata-sections -Wall -fstack-usage -fcyclomatic-complexity -MMD -MP -MF"Core/Src/main.d" -MT"Core/Src/main.o" --specs=nano.specs -mfpu=fpv4-sp-d16 -mfloat-abi=hard -mthumb -o "Core/Src/main.o"
arm-none-eabi-gcc -o "Main2.elf" @"objects.list"   -mcpu=cortex-m4 -T"C:\Users\choua\STM32CubeIDE\AutoBookshelf\Main2\STM32F429ZITX_FLASH.ld" --specs=nosys.specs -Wl,-Map="Main2.map" -Wl,--gc-sections -static --specs=nano.specs -mfpu=fpv4-sp-d16 -mfloat-abi=hard -mthumb -Wl,--start-group -lc -lm -Wl,--end-group
Finished building target: Main2.elf
 
arm-none-eabi-size  Main2.elf 
arm-none-eabi-objdump -h -S Main2.elf  > "Main2.list"
   text	   data	    bss	    dec	    hex	filename
  28100	     32	   4096	  32228	   7de4	Main2.elf
Finished building: default.size.stdout
 
Finished building: Main2.list
 
14:22:03 **** Incremental Build of configuration Debug for project Main2 ****
make -j12 all 
arm-none-eabi-size  Main2.elf 
   text	   data	    bss	    dec	    hex	filename
  28100	     32	   4096	  32228	   7de4	Main2.elf
Finished building: default.size.stdout
 
14:27:26 **** Incremental Build of configuration Debug for project Main2 ****
make -j12 all 
arm-none-eabi-gcc "../Core/Src/main.c" -mcpu=cortex-m4 -std=gnu11 -g3 -DDEBUG -DUSE_HAL_DRIVER -DSTM32F429xx -c -I../Core/Inc -I../Drivers/STM32F4xx_HAL_Driver/Inc -I../Drivers/STM32F4xx_HAL_Driver/Inc/Legacy -I../Drivers/CMSIS/Device/ST/STM32F4xx/Include -I../Drivers/CMSIS/Include -O0 -ffunction-sections -fdata-sections -Wall -fstack-usage -fcyclomatic-complexity -MMD -MP -MF"Core/Src/main.d" -MT"Core/Src/main.o" --specs=nano.specs -mfpu=fpv4-sp-d16 -mfloat-abi=hard -mthumb -o "Core/Src/main.o"
arm-none-eabi-gcc -o "Main2.elf" @"objects.list"   -mcpu=cortex-m4 -T"C:\Users\choua\STM32CubeIDE\AutoBookshelf\Main2\STM32F429ZITX_FLASH.ld" --specs=nosys.specs -Wl,-Map="Main2.map" -Wl,--gc-sections -static --specs=nano.specs -mfpu=fpv4-sp-d16 -mfloat-abi=hard -mthumb -Wl,--start-group -lc -lm -Wl,--end-group
Finished building target: Main2.elf
 
arm-none-eabi-size  Main2.elf 
arm-none-eabi-objdump -h -S Main2.elf  > "Main2.list"
   text	   data	    bss	    dec	    hex	filename
  28100	     32	   4088	  32220	   7ddc	Main2.elf
Finished building: default.size.stdout
 
Finished building: Main2.list
 
14:42:42 **** Incremental Build of configuration Debug for project Main2 ****
make -j12 all 
arm-none-eabi-size  Main2.elf 
   text	   data	    bss	    dec	    hex	filename
  28100	     32	   4088	  32220	   7ddc	Main2.elf
Finished building: default.size.stdout
 
14:55:36 **** Incremental Build of configuration Debug for project Main2 ****
make -j12 all 
arm-none-eabi-gcc "../Core/Src/main.c" -mcpu=cortex-m4 -std=gnu11 -g3 -DDEBUG -DUSE_HAL_DRIVER -DSTM32F429xx -c -I../Core/Inc -I../Drivers/STM32F4xx_HAL_Driver/Inc -I../Drivers/STM32F4xx_HAL_Driver/Inc/Legacy -I../Drivers/CMSIS/Device/ST/STM32F4xx/Include -I../Drivers/CMSIS/Include -O0 -ffunction-sections -fdata-sections -Wall -fstack-usage -fcyclomatic-complexity -MMD -MP -MF"Core/Src/main.d" -MT"Core/Src/main.o" --specs=nano.specs -mfpu=fpv4-sp-d16 -mfloat-abi=hard -mthumb -o "Core/Src/main.o"
arm-none-eabi-gcc -o "Main2.elf" @"objects.list"   -mcpu=cortex-m4 -T"C:\Users\choua\STM32CubeIDE\AutoBookshelf\Main2\STM32F429ZITX_FLASH.ld" --specs=nosys.specs -Wl,-Map="Main2.map" -Wl,--gc-sections -static --specs=nano.specs -mfpu=fpv4-sp-d16 -mfloat-abi=hard -mthumb -Wl,--start-group -lc -lm -Wl,--end-group
Finished building target: Main2.elf
 
arm-none-eabi-size  Main2.elf 
arm-none-eabi-objdump -h -S Main2.elf  > "Main2.list"
   text	   data	    bss	    dec	    hex	filename
  28132	     32	   4096	  32260	   7e04	Main2.elf
Finished building: default.size.stdout
 
Finished building: Main2.list
 
15:06:09 **** Incremental Build of configuration Debug for project Main2 ****
make -j12 all 
arm-none-eabi-gcc "../Core/Src/main.c" -mcpu=cortex-m4 -std=gnu11 -g3 -DDEBUG -DUSE_HAL_DRIVER -DSTM32F429xx -c -I../Core/Inc -I../Drivers/STM32F4xx_HAL_Driver/Inc -I../Drivers/STM32F4xx_HAL_Driver/Inc/Legacy -I../Drivers/CMSIS/Device/ST/STM32F4xx/Include -I../Drivers/CMSIS/Include -O0 -ffunction-sections -fdata-sections -Wall -fstack-usage -fcyclomatic-complexity -MMD -MP -MF"Core/Src/main.d" -MT"Core/Src/main.o" --specs=nano.specs -mfpu=fpv4-sp-d16 -mfloat-abi=hard -mthumb -o "Core/Src/main.o"
arm-none-eabi-gcc -o "Main2.elf" @"objects.list"   -mcpu=cortex-m4 -T"C:\Users\choua\STM32CubeIDE\AutoBookshelf\Main2\STM32F429ZITX_FLASH.ld" --specs=nosys.specs -Wl,-Map="Main2.map" -Wl,--gc-sections -static --specs=nano.specs -mfpu=fpv4-sp-d16 -mfloat-abi=hard -mthumb -Wl,--start-group -lc -lm -Wl,--end-group
Finished building target: Main2.elf
 
arm-none-eabi-size  Main2.elf 
arm-none-eabi-objdump -h -S Main2.elf  > "Main2.list"
   text	   data	    bss	    dec	    hex	filename
  28132	     32	   4096	  32260	   7e04	Main2.elf
Finished building: default.size.stdout
 
Finished building: Main2.list
 
15:08:48 **** Incremental Build of configuration Debug for project Main2 ****
make -j12 all 
arm-none-eabi-gcc "../Core/Src/main.c" -mcpu=cortex-m4 -std=gnu11 -g3 -DDEBUG -DUSE_HAL_DRIVER -DSTM32F429xx -c -I../Core/Inc -I../Drivers/STM32F4xx_HAL_Driver/Inc -I../Drivers/STM32F4xx_HAL_Driver/Inc/Legacy -I../Drivers/CMSIS/Device/ST/STM32F4xx/Include -I../Drivers/CMSIS/Include -O0 -ffunction-sections -fdata-sections -Wall -fstack-usage -fcyclomatic-complexity -MMD -MP -MF"Core/Src/main.d" -MT"Core/Src/main.o" --specs=nano.specs -mfpu=fpv4-sp-d16 -mfloat-abi=hard -mthumb -o "Core/Src/main.o"
arm-none-eabi-gcc -o "Main2.elf" @"objects.list"   -mcpu=cortex-m4 -T"C:\Users\choua\STM32CubeIDE\AutoBookshelf\Main2\STM32F429ZITX_FLASH.ld" --specs=nosys.specs -Wl,-Map="Main2.map" -Wl,--gc-sections -static --specs=nano.specs -mfpu=fpv4-sp-d16 -mfloat-abi=hard -mthumb -Wl,--start-group -lc -lm -Wl,--end-group
Finished building target: Main2.elf
 
arm-none-eabi-size  Main2.elf 
arm-none-eabi-objdump -h -S Main2.elf  > "Main2.list"
   text	   data	    bss	    dec	    hex	filename
  28132	     32	   4096	  32260	   7e04	Main2.elf
Finished building: default.size.stdout
 
Finished building: Main2.list
 
15:15:32 **** Incremental Build of configuration Debug for project Main2 ****
make -j12 all 
arm-none-eabi-gcc "../Core/Src/main.c" -mcpu=cortex-m4 -std=gnu11 -g3 -DDEBUG -DUSE_HAL_DRIVER -DSTM32F429xx -c -I../Core/Inc -I../Drivers/STM32F4xx_HAL_Driver/Inc -I../Drivers/STM32F4xx_HAL_Driver/Inc/Legacy -I../Drivers/CMSIS/Device/ST/STM32F4xx/Include -I../Drivers/CMSIS/Include -O0 -ffunction-sections -fdata-sections -Wall -fstack-usage -fcyclomatic-complexity -MMD -MP -MF"Core/Src/main.d" -MT"Core/Src/main.o" --specs=nano.specs -mfpu=fpv4-sp-d16 -mfloat-abi=hard -mthumb -o "Core/Src/main.o"
arm-none-eabi-gcc -o "Main2.elf" @"objects.list"   -mcpu=cortex-m4 -T"C:\Users\choua\STM32CubeIDE\AutoBookshelf\Main2\STM32F429ZITX_FLASH.ld" --specs=nosys.specs -Wl,-Map="Main2.map" -Wl,--gc-sections -static --specs=nano.specs -mfpu=fpv4-sp-d16 -mfloat-abi=hard -mthumb -Wl,--start-group -lc -lm -Wl,--end-group
Finished building target: Main2.elf
 
arm-none-eabi-size  Main2.elf 
arm-none-eabi-objdump -h -S Main2.elf  > "Main2.list"
   text	   data	    bss	    dec	    hex	filename
  28136	     32	   4096	  32264	   7e08	Main2.elf
Finished building: default.size.stdout
 
Finished building: Main2.list
 
15:17:25 **** Incremental Build of configuration Debug for project Main2 ****
make -j12 all 
arm-none-eabi-gcc "../Core/Src/main.c" -mcpu=cortex-m4 -std=gnu11 -g3 -DDEBUG -DUSE_HAL_DRIVER -DSTM32F429xx -c -I../Core/Inc -I../Drivers/STM32F4xx_HAL_Driver/Inc -I../Drivers/STM32F4xx_HAL_Driver/Inc/Legacy -I../Drivers/CMSIS/Device/ST/STM32F4xx/Include -I../Drivers/CMSIS/Include -O0 -ffunction-sections -fdata-sections -Wall -fstack-usage -fcyclomatic-complexity -MMD -MP -MF"Core/Src/main.d" -MT"Core/Src/main.o" --specs=nano.specs -mfpu=fpv4-sp-d16 -mfloat-abi=hard -mthumb -o "Core/Src/main.o"
arm-none-eabi-gcc -o "Main2.elf" @"objects.list"   -mcpu=cortex-m4 -T"C:\Users\choua\STM32CubeIDE\AutoBookshelf\Main2\STM32F429ZITX_FLASH.ld" --specs=nosys.specs -Wl,-Map="Main2.map" -Wl,--gc-sections -static --specs=nano.specs -mfpu=fpv4-sp-d16 -mfloat-abi=hard -mthumb -Wl,--start-group -lc -lm -Wl,--end-group
Finished building target: Main2.elf
 
arm-none-eabi-size  Main2.elf 
arm-none-eabi-objdump -h -S Main2.elf  > "Main2.list"
   text	   data	    bss	    dec	    hex	filename
  28140	     32	   4096	  32268	   7e0c	Main2.elf
Finished building: default.size.stdout
 
Finished building: Main2.list
 
