15:21:46 **** Incremental Build of configuration Debug for project Main ****
make -j12 all 
arm-none-eabi-gcc "../Core/Src/main.c" -mcpu=cortex-m4 -std=gnu11 -g3 -DDEBUG -DUSE_HAL_DRIVER -DSTM32F429xx -c -I../Core/Inc -I../Drivers/STM32F4xx_HAL_Driver/Inc -I../Drivers/STM32F4xx_HAL_Driver/Inc/Legacy -I../Drivers/CMSIS/Device/ST/STM32F4xx/Include -I../Drivers/CMSIS/Include -O0 -ffunction-sections -fdata-sections -Wall -fstack-usage -fcyclomatic-complexity -MMD -MP -MF"Core/Src/main.d" -MT"Core/Src/main.o" --specs=nano.specs -mfpu=fpv4-sp-d16 -mfloat-abi=hard -mthumb -o "Core/Src/main.o"
arm-none-eabi-gcc -o "Main.elf" @"objects.list"   -mcpu=cortex-m4 -T"C:\Users\choua\STM32CubeIDE\AutoBookshelf\Main\STM32F429ZITX_FLASH.ld" --specs=nosys.specs -Wl,-Map="Main.map" -Wl,--gc-sections -static --specs=nano.specs -mfpu=fpv4-sp-d16 -mfloat-abi=hard -mthumb -Wl,--start-group -lc -lm -Wl,--end-group
Finished building target: Main.elf
 
arm-none-eabi-size  Main.elf 
arm-none-eabi-objdump -h -S Main.elf  > "Main.list"
   text	   data	    bss	    dec	    hex	filename
  26672	     32	   4368	  31072	   7960	Main.elf
Finished building: default.size.stdout
 
Finished building: Main.list
 

15:21:48 Build Finished. 0 errors, 0 warnings. (took 1s.506ms)

