15:17:25 **** Incremental Build of configuration Debug for project Main2 ****
make -j12 all 
arm-none-eabi-gcc "../Core/Src/main.c" -mcpu=cortex-m4 -std=gnu11 -g3 -DDEBUG -DUSE_HAL_DRIVER -DSTM32F429xx -c -I../Core/Inc -I../Drivers/STM32F4xx_HAL_Driver/Inc -I../Drivers/STM32F4xx_HAL_Driver/Inc/Legacy -I../Drivers/CMSIS/Device/ST/STM32F4xx/Include -I../Drivers/CMSIS/Include -O0 -ffunction-sections -fdata-sections -Wall -fstack-usage -fcyclomatic-complexity -MMD -MP -MF"Core/Src/main.d" -MT"Core/Src/main.o" --specs=nano.specs -mfpu=fpv4-sp-d16 -mfloat-abi=hard -mthumb -o "Core/Src/main.o"
arm-none-eabi-gcc -o "Main2.elf" @"objects.list"   -mcpu=cortex-m4 -T"C:\Users\choua\STM32CubeIDE\AutoBookshelf\Main2\STM32F429ZITX_FLASH.ld" --specs=nosys.specs -Wl,-Map="Main2.map" -Wl,--gc-sections -static --specs=nano.specs -mfpu=fpv4-sp-d16 -mfloat-abi=hard -mthumb -Wl,--start-group -lc -lm -Wl,--end-group
Finished building target: Main2.elf
 
arm-none-eabi-size  Main2.elf 
arm-none-eabi-objdump -h -S Main2.elf  > "Main2.list"
   text	   data	    bss	    dec	    hex	filename
  28140	     32	   4096	  32268	   7e0c	Main2.elf
Finished building: default.size.stdout
 
Finished building: Main2.list
 

15:17:27 Build Finished. 0 errors, 0 warnings. (took 1s.909ms)

