18:27:21 **** Incremental Build of configuration Debug for project testMisumi ****
make -j12 all 
arm-none-eabi-gcc "../Core/Src/main.c" -mcpu=cortex-m4 -std=gnu11 -g3 -DDEBUG -DUSE_HAL_DRIVER -DSTM32F429xx -c -I../Core/Inc -I../Drivers/STM32F4xx_HAL_Driver/Inc -I../Drivers/STM32F4xx_HAL_Driver/Inc/Legacy -I../Drivers/CMSIS/Device/ST/STM32F4xx/Include -I../Drivers/CMSIS/Include -O0 -ffunction-sections -fdata-sections -Wall -fstack-usage -fcyclomatic-complexity -MMD -MP -MF"Core/Src/main.d" -MT"Core/Src/main.o" --specs=nano.specs -mfpu=fpv4-sp-d16 -mfloat-abi=hard -mthumb -o "Core/Src/main.o"
arm-none-eabi-gcc -o "testMisumi.elf" @"objects.list"   -mcpu=cortex-m4 -T"C:\Users\choua\STM32CubeIDE\AutoBookshelf\testMisumi\STM32F429ZITX_FLASH.ld" --specs=nosys.specs -Wl,-Map="testMisumi.map" -Wl,--gc-sections -static --specs=nano.specs -mfpu=fpv4-sp-d16 -mfloat-abi=hard -mthumb -Wl,--start-group -lc -lm -Wl,--end-group
Finished building target: testMisumi.elf
 
arm-none-eabi-size  testMisumi.elf 
arm-none-eabi-objdump -h -S testMisumi.elf  > "testMisumi.list"
   text	   data	    bss	    dec	    hex	filename
  12800	     20	   3468	  16288	   3fa0	testMisumi.elf
Finished building: default.size.stdout
 
Finished building: testMisumi.list
 

18:27:22 Build Finished. 0 errors, 0 warnings. (took 1s.722ms)

